<html>
<body>
<pre>
<h1>µVision Build Log</h1>
<h2>Tool Versions:</h2>
IDE-Version: µVision V5.24.2.0
Copyright (C) 2017 ARM Ltd and ARM Germany GmbH. All rights reserved.
License Information: cuser cuser, cuhksz, LIC=QGX31-CAX7X-KWF2W-NHMI7-62JWP-CFLZT
 
Tool Versions:
Toolchain:       MDK-ARM Essential  Version: 5.24.1
Toolchain Path:  C:\Keil_v5\ARM\ARMCC\Bin
C Compiler:      Armcc.exe V5.06 update 5 (build 528)
Assembler:       Armasm.exe V5.06 update 5 (build 528)
Linker/Locator:  ArmLink.exe V5.06 update 5 (build 528)
Library Manager: ArmAr.exe V5.06 update 5 (build 528)
Hex Converter:   FromElf.exe V5.06 update 5 (build 528)
CPU DLL:         SARMCM3.DLL V5.24.1
Dialog DLL:      DCM.DLL V1.16.0.0
Target DLL:      UL2CM3.DLL V1.160.3.0
Dialog DLL:      TCM.DLL V1.32.0.0
 
<h2>Project:</h2>
C:\Users\122090353\Desktop\Lab5_exp5\Lab5.uvprojx
Project File Date:  11/06/2024

<h2>Output:</h2>
*** Using Compiler 'V5.06 update 5 (build 528)', folder: 'C:\Keil_v5\ARM\ARMCC\Bin'
Build target 'Lab0'
compiling main.c...
.\Board\EIE3810_TFTLCD.H(28): warning:  #1295-D: Deprecated declaration exp_1 - give arg types
  void exp_1();
.\Board\EIE3810_TFTLCD.H(29): warning:  #1295-D: Deprecated declaration exp_2 - give arg types
  void exp_2();
.\Board\EIE3810_TFTLCD.H(30): warning:  #1295-D: Deprecated declaration exp_3 - give arg types
  void exp_3();
.\Board\EIE3810_TFTLCD.H(31): warning:  #1295-D: Deprecated declaration exp_4 - give arg types
  void exp_4();
.\Board\EIE3810_Clock.h(8): warning:  #1-D: last line of file ends without a newline
  #endif
.\Board\EIE3810_USART.h(12): warning:  #1-D: last line of file ends without a newline
  #endif
User\main.c: 6 warnings, 0 errors
linking...
Program Size: Code=9644 RO-data=1856 RW-data=4 ZI-data=1636  
FromELF: creating hex file...
".\Objects\_Lab0.axf" - 0 Error(s), 6 Warning(s).

<h2>Software Packages used:</h2>

Package Vendor: Keil
                http://www.keil.com/pack/Keil.STM32F1xx_DFP.2.2.0.pack
                Keil.STM32F1xx_DFP.2.2.0
                STMicroelectronics STM32F1 Series Device Support, Drivers and Examples

<h2>Collection of Component include folders:</h2>
  .\RTE\_Lab0
  C:\Keil_v5\ARM\PACK\Keil\STM32F1xx_DFP\2.2.0\Device\Include

<h2>Collection of Component Files used:</h2>
Build Time Elapsed:  00:00:01
</pre>
</body>
</html>
