Component: ARM Compiler 5.06 update 5 (build 528) Tool: armlink [4d35e2]

==============================================================================

Section Cross References

    stm32f10x_rcc.o(i.RCC_GetClocksFreq) refers to stm32f10x_rcc.o(.data) for APBAHBPrescTable
    stm32f10x_rcc.o(i.RCC_WaitForHSEStartUp) refers to stm32f10x_rcc.o(i.RCC_GetFlagStatus) for RCC_GetFlagStatus
    stm32f10x_gpio.o(i.GPIO_AFIODeInit) refers to stm32f10x_rcc.o(i.RCC_APB2PeriphResetCmd) for RCC_APB2PeriphResetCmd
    stm32f10x_gpio.o(i.GPIO_DeInit) refers to stm32f10x_rcc.o(i.RCC_APB2PeriphResetCmd) for RCC_APB2PeriphResetCmd
    system_stm32f10x.o(i.SetSysClock) refers to system_stm32f10x.o(i.SetSysClockTo72) for SetSysClockTo72
    system_stm32f10x.o(i.SystemCoreClockUpdate) refers to system_stm32f10x.o(.data) for SystemCoreClock
    system_stm32f10x.o(i.SystemInit) refers to system_stm32f10x.o(i.SetSysClock) for SetSysClock
    startup_stm32f10x_hd.o(STACK) refers (Special) to heapauxi.o(.text) for __use_two_region_memory
    startup_stm32f10x_hd.o(HEAP) refers (Special) to heapauxi.o(.text) for __use_two_region_memory
    startup_stm32f10x_hd.o(RESET) refers (Special) to heapauxi.o(.text) for __use_two_region_memory
    startup_stm32f10x_hd.o(RESET) refers to startup_stm32f10x_hd.o(STACK) for __initial_sp
    startup_stm32f10x_hd.o(RESET) refers to startup_stm32f10x_hd.o(.text) for Reset_Handler
    startup_stm32f10x_hd.o(RESET) refers to stm32f10x_it.o(i.NMI_Handler) for NMI_Handler
    startup_stm32f10x_hd.o(RESET) refers to stm32f10x_it.o(i.HardFault_Handler) for HardFault_Handler
    startup_stm32f10x_hd.o(RESET) refers to stm32f10x_it.o(i.MemManage_Handler) for MemManage_Handler
    startup_stm32f10x_hd.o(RESET) refers to stm32f10x_it.o(i.BusFault_Handler) for BusFault_Handler
    startup_stm32f10x_hd.o(RESET) refers to stm32f10x_it.o(i.UsageFault_Handler) for UsageFault_Handler
    startup_stm32f10x_hd.o(RESET) refers to stm32f10x_it.o(i.SVC_Handler) for SVC_Handler
    startup_stm32f10x_hd.o(RESET) refers to stm32f10x_it.o(i.DebugMon_Handler) for DebugMon_Handler
    startup_stm32f10x_hd.o(RESET) refers to stm32f10x_it.o(i.PendSV_Handler) for PendSV_Handler
    startup_stm32f10x_hd.o(RESET) refers to stm32f10x_it.o(i.SysTick_Handler) for SysTick_Handler
    startup_stm32f10x_hd.o(RESET) refers to main.o(i.EXTI0_IRQHandler) for EXTI0_IRQHandler
    startup_stm32f10x_hd.o(RESET) refers to main.o(i.EXTI2_IRQHandler) for EXTI2_IRQHandler
    startup_stm32f10x_hd.o(RESET) refers to main.o(i.EXTI3_IRQHandler) for EXTI3_IRQHandler
    startup_stm32f10x_hd.o(RESET) refers to main.o(i.EXTI4_IRQHandler) for EXTI4_IRQHandler
    startup_stm32f10x_hd.o(RESET) refers to main.o(i.TIM3_IRQHandler) for TIM3_IRQHandler
    startup_stm32f10x_hd.o(RESET) refers to main.o(i.TIM4_IRQHandler) for TIM4_IRQHandler
    startup_stm32f10x_hd.o(RESET) refers to main.o(i.USART1_IRQHandler) for USART1_IRQHandler
    startup_stm32f10x_hd.o(.text) refers (Special) to heapauxi.o(.text) for __use_two_region_memory
    startup_stm32f10x_hd.o(.text) refers to system_stm32f10x.o(i.SystemInit) for SystemInit
    startup_stm32f10x_hd.o(.text) refers to __main.o(!!!main) for __main
    startup_stm32f10x_hd.o(.text) refers to startup_stm32f10x_hd.o(HEAP) for Heap_Mem
    startup_stm32f10x_hd.o(.text) refers to startup_stm32f10x_hd.o(STACK) for Stack_Mem
    eie3810_key.o(i.EIE3810_FourKeys_EXTIInit) refers to eie3810_key.o(i.EIE3810_Key2_EXTIInit) for EIE3810_Key2_EXTIInit
    eie3810_key.o(i.EIE3810_FourKeys_EXTIInit) refers to eie3810_key.o(i.EIE3810_Key1_EXTIInit) for EIE3810_Key1_EXTIInit
    eie3810_key.o(i.EIE3810_FourKeys_EXTIInit) refers to eie3810_key.o(i.EIE3810_Key0_EXTIInit) for EIE3810_Key0_EXTIInit
    eie3810_key.o(i.EIE3810_FourKeys_EXTIInit) refers to eie3810_key.o(i.EIE3810_KeyUp_EXTIInit) for EIE3810_KeyUp_EXTIInit
    eie3810_tftlcd.o(i.EIE3810_TFTLCD_Clear) refers to eie3810_tftlcd.o(i.EIE3810_TFTLCD_WrCmd) for EIE3810_TFTLCD_WrCmd
    eie3810_tftlcd.o(i.EIE3810_TFTLCD_Clear) refers to eie3810_tftlcd.o(i.EIE3810_TFTLCD_WrData) for EIE3810_TFTLCD_WrData
    eie3810_tftlcd.o(i.EIE3810_TFTLCD_DrawCircle) refers to eie3810_tftlcd.o(i.EIE3810_TFTLCD_DrawDot) for EIE3810_TFTLCD_DrawDot
    eie3810_tftlcd.o(i.EIE3810_TFTLCD_DrawDot) refers to eie3810_tftlcd.o(i.EIE3810_TFTLCD_WrCmd) for EIE3810_TFTLCD_WrCmd
    eie3810_tftlcd.o(i.EIE3810_TFTLCD_DrawDot) refers to eie3810_tftlcd.o(i.EIE3810_TFTLCD_WrData) for EIE3810_TFTLCD_WrData
    eie3810_tftlcd.o(i.EIE3810_TFTLCD_DrawRectangle) refers to eie3810_tftlcd.o(i.EIE3810_TFTLCD_WrCmd) for EIE3810_TFTLCD_WrCmd
    eie3810_tftlcd.o(i.EIE3810_TFTLCD_DrawRectangle) refers to eie3810_tftlcd.o(i.EIE3810_TFTLCD_WrData) for EIE3810_TFTLCD_WrData
    eie3810_tftlcd.o(i.EIE3810_TFTLCD_Init) refers to eie3810_others.o(i.Delay) for Delay
    eie3810_tftlcd.o(i.EIE3810_TFTLCD_Init) refers to eie3810_tftlcd.o(i.EIE3810_TFTLCD_SetParameter) for EIE3810_TFTLCD_SetParameter
[...]
    dfixu.o(x$fpl$dfixu) refers (Special) to usenofp.o(x$fpl$usenofp) for __I$use$fp
    dfixu.o(x$fpl$dfixu) refers to dnaninf.o(x$fpl$dnaninf) for __fpl_dnaninf
    dfixu.o(x$fpl$dfixur) refers (Special) to usenofp.o(x$fpl$usenofp) for __I$use$fp
    dfixu.o(x$fpl$dfixur) refers to dnaninf.o(x$fpl$dnaninf) for __fpl_dnaninf
    dflt_clz.o(x$fpl$dfltu) refers (Special) to usenofp.o(x$fpl$usenofp) for __I$use$fp
    dflt_clz.o(x$fpl$dflt) refers (Special) to usenofp.o(x$fpl$usenofp) for __I$use$fp
    dflt_clz.o(x$fpl$dfltn) refers (Special) to usenofp.o(x$fpl$usenofp) for __I$use$fp
    faddsub_clz.o(x$fpl$fadd) refers (Special) to usenofp.o(x$fpl$usenofp) for __I$use$fp
    faddsub_clz.o(x$fpl$fadd) refers to faddsub_clz.o(x$fpl$fsub) for _fsub1
    faddsub_clz.o(x$fpl$fadd) refers to fretinf.o(x$fpl$fretinf) for __fpl_fretinf
    faddsub_clz.o(x$fpl$fadd) refers to fnaninf.o(x$fpl$fnaninf) for __fpl_fnaninf
    faddsub_clz.o(x$fpl$frsb) refers (Special) to usenofp.o(x$fpl$usenofp) for __I$use$fp
    faddsub_clz.o(x$fpl$frsb) refers to faddsub_clz.o(x$fpl$fadd) for _fadd1
    faddsub_clz.o(x$fpl$frsb) refers to faddsub_clz.o(x$fpl$fsub) for _fsub1
    faddsub_clz.o(x$fpl$fsub) refers (Special) to usenofp.o(x$fpl$usenofp) for __I$use$fp
    faddsub_clz.o(x$fpl$fsub) refers to faddsub_clz.o(x$fpl$fadd) for _fadd1
    faddsub_clz.o(x$fpl$fsub) refers to fnaninf.o(x$fpl$fnaninf) for __fpl_fnaninf
    fdiv.o(x$fpl$frdiv) refers (Special) to usenofp.o(x$fpl$usenofp) for __I$use$fp
    fdiv.o(x$fpl$frdiv) refers to fdiv.o(x$fpl$fdiv) for _fdiv1
    fdiv.o(x$fpl$fdiv) refers (Special) to usenofp.o(x$fpl$usenofp) for __I$use$fp
    fdiv.o(x$fpl$fdiv) refers to fretinf.o(x$fpl$fretinf) for __fpl_fretinf
    fdiv.o(x$fpl$fdiv) refers to fnaninf.o(x$fpl$fnaninf) for __fpl_fnaninf
    ffixu.o(x$fpl$ffixu) refers (Special) to usenofp.o(x$fpl$usenofp) for __I$use$fp
    ffixu.o(x$fpl$ffixu) refers to fnaninf.o(x$fpl$fnaninf) for __fpl_fnaninf
    ffixu.o(x$fpl$ffixur) refers (Special) to usenofp.o(x$fpl$usenofp) for __I$use$fp
    ffixu.o(x$fpl$ffixur) refers to fnaninf.o(x$fpl$fnaninf) for __fpl_fnaninf
    fflt_clz.o(x$fpl$ffltu) refers (Special) to usenofp.o(x$fpl$usenofp) for __I$use$fp
    fflt_clz.o(x$fpl$fflt) refers (Special) to usenofp.o(x$fpl$usenofp) for __I$use$fp
    fflt_clz.o(x$fpl$ffltn) refers (Special) to usenofp.o(x$fpl$usenofp) for __I$use$fp
    fmul.o(x$fpl$fmul) refers (Special) to usenofp.o(x$fpl$usenofp) for __I$use$fp
    fmul.o(x$fpl$fmul) refers to fretinf.o(x$fpl$fretinf) for __fpl_fretinf
    fmul.o(x$fpl$fmul) refers to fnaninf.o(x$fpl$fnaninf) for __fpl_fnaninf
    __rtentry.o(.ARM.Collect$$rtentry$$00000000) refers (Special) to __rtentry2.o(.ARM.Collect$$rtentry$$0000000A) for __rt_entry_li
    __rtentry.o(.ARM.Collect$$rtentry$$00000000) refers (Special) to __rtentry2.o(.ARM.Collect$$rtentry$$0000000D) for __rt_entry_main
    __rtentry.o(.ARM.Collect$$rtentry$$00000000) refers (Special) to __rtentry2.o(.ARM.Collect$$rtentry$$0000000C) for __rt_entry_postli_1
    __rtentry.o(.ARM.Collect$$rtentry$$00000000) refers (Special) to __rtentry2.o(.ARM.Collect$$rtentry$$00000009) for __rt_entry_postsh_1
    __rtentry.o(.ARM.Collect$$rtentry$$00000000) refers (Special) to __rtentry2.o(.ARM.Collect$$rtentry$$00000002) for __rt_entry_presh_1
    __rtentry.o(.ARM.Collect$$rtentry$$00000000) refers (Special) to __rtentry4.o(.ARM.Collect$$rtentry$$00000004) for __rt_entry_sh
    dnaninf.o(x$fpl$dnaninf) refers (Special) to usenofp.o(x$fpl$usenofp) for __I$use$fp
    dretinf.o(x$fpl$dretinf) refers (Special) to usenofp.o(x$fpl$usenofp) for __I$use$fp
    fnaninf.o(x$fpl$fnaninf) refers (Special) to usenofp.o(x$fpl$usenofp) for __I$use$fp
    fretinf.o(x$fpl$fretinf) refers (Special) to usenofp.o(x$fpl$usenofp) for __I$use$fp
    __rtentry2.o(.ARM.Collect$$rtentry$$00000008) refers to boardinit2.o(.text) for _platform_post_stackheap_init
    __rtentry2.o(.ARM.Collect$$rtentry$$0000000A) refers to libinit.o(.ARM.Collect$$libinit$$00000000) for __rt_lib_init
    __rtentry2.o(.ARM.Collect$$rtentry$$0000000B) refers to boardinit3.o(.text) for _platform_post_lib_init
    __rtentry2.o(.ARM.Collect$$rtentry$$0000000D) refers to main.o(i.main) for main
    __rtentry2.o(.ARM.Collect$$rtentry$$0000000D) refers to exit.o(.text) for exit
    __rtentry2.o(.ARM.exidx) refers to __rtentry2.o(.ARM.Collect$$rtentry$$00000001) for .ARM.Collect$$rtentry$$00000001
    __rtentry2.o(.ARM.exidx) refers to __rtentry2.o(.ARM.Collect$$rtentry$$00000008) for .ARM.Collect$$rtentry$$00000008
    __rtentry2.o(.ARM.exidx) refers to __rtentry2.o(.ARM.Collect$$rtentry$$0000000A) for .ARM.Collect$$rtentry$$0000000A
    __rtentry2.o(.ARM.exidx) refers to __rtentry2.o(.ARM.Collect$$rtentry$$0000000B) for .ARM.Collect$$rtentry$$0000000B
    __rtentry2.o(.ARM.exidx) refers to __rtentry2.o(.ARM.Collect$$rtentry$$0000000D) for .ARM.Collect$$rtentry$$0000000D
    __rtentry4.o(.ARM.Collect$$rtentry$$00000004) refers to sys_stackheap_outer.o(.text) for __user_setup_stackheap
    __rtentry4.o(.ARM.exidx) refers to __rtentry4.o(.ARM.Collect$$rtentry$$00000004) for .ARM.Collect$$rtentry$$00000004
    sys_stackheap_outer.o(.text) refers to libspace.o(.text) for __user_perproc_libspace
    sys_stackheap_outer.o(.text) refers to startup_stm32f10x_hd.o(.text) for __user_initial_stackheap
    exit.o(.text) refers to rtexit.o(.ARM.Collect$$rtexit$$00000000) for __rt_exit
    libinit.o(.ARM.Collect$$libinit$$00000000) refers (Special) to libinit2.o(.ARM.Collect$$libinit$$0000002E) for __rt_lib_init_alloca_1
    libinit.o(.ARM.Collect$$libinit$$00000000) refers (Special) to libinit2.o(.ARM.Collect$$libinit$$0000002C) for __rt_lib_init_argv_1
    libinit.o(.ARM.Collect$$libinit$$00000000) refers (Special) to libinit2.o(.ARM.Collect$$libinit$$0000001B) for __rt_lib_init_atexit_1
    libinit.o(.ARM.Collect$$libinit$$00000000) refers (Special) to libinit2.o(.ARM.Collect$$libinit$$00000021) for __rt_lib_init_clock_1
    libinit.o(.ARM.Collect$$libinit$$00000000) refers (Special) to libinit2.o(.ARM.Collect$$libinit$$00000032) for __rt_lib_init_cpp_1
    libinit.o(.ARM.Collect$$libinit$$00000000) refers (Special) to libinit2.o(.ARM.Collect$$libinit$$00000030) for __rt_lib_init_exceptions_1
    libinit.o(.ARM.Collect$$libinit$$00000000) refers (Special) to libinit2.o(.ARM.Collect$$libinit$$00000002) for __rt_lib_init_fp_1
    libinit.o(.ARM.Collect$$libinit$$00000000) refers (Special) to libinit2.o(.ARM.Collect$$libinit$$0000001F) for __rt_lib_init_fp_trap_1
    libinit.o(.ARM.Collect$$libinit$$00000000) refers (Special) to libinit2.o(.ARM.Collect$$libinit$$00000023) for __rt_lib_init_getenv_1
    libinit.o(.ARM.Collect$$libinit$$00000000) refers (Special) to libinit2.o(.ARM.Collect$$libinit$$0000000A) for __rt_lib_init_heap_1
    libinit.o(.ARM.Collect$$libinit$$00000000) refers (Special) to libinit2.o(.ARM.Collect$$libinit$$00000011) for __rt_lib_init_lc_collate_1
    libinit.o(.ARM.Collect$$libinit$$00000000) refers (Special) to libinit2.o(.ARM.Collect$$libinit$$00000013) for __rt_lib_init_lc_ctype_1
    libinit.o(.ARM.Collect$$libinit$$00000000) refers (Special) to libinit2.o(.ARM.Collect$$libinit$$00000015) for __rt_lib_init_lc_monetary_1
    libinit.o(.ARM.Collect$$libinit$$00000000) refers (Special) to libinit2.o(.ARM.Collect$$libinit$$00000017) for __rt_lib_init_lc_numeric_1
    libinit.o(.ARM.Collect$$libinit$$00000000) refers (Special) to libinit2.o(.ARM.Collect$$libinit$$00000019) for __rt_lib_init_lc_time_1
    libinit.o(.ARM.Collect$$libinit$$00000000) refers (Special) to libinit2.o(.ARM.Collect$$libinit$$00000004) for __rt_lib_init_preinit_1
    libinit.o(.ARM.Collect$$libinit$$00000000) refers (Special) to libinit2.o(.ARM.Collect$$libinit$$0000000E) for __rt_lib_init_rand_1
    libinit.o(.ARM.Collect$$libinit$$00000000) refers (Special) to libinit2.o(.ARM.Collect$$libinit$$00000033) for __rt_lib_init_return
    libinit.o(.ARM.Collect$$libinit$$00000000) refers (Special) to libinit2.o(.ARM.Collect$$libinit$$0000001D) for __rt_lib_init_signal_1
    libinit.o(.ARM.Collect$$libinit$$00000000) refers (Special) to libinit2.o(.ARM.Collect$$libinit$$00000025) for __rt_lib_init_stdio_1
    libinit.o(.ARM.Collect$$libinit$$00000000) refers (Special) to libinit2.o(.ARM.Collect$$libinit$$0000000C) for __rt_lib_init_user_alloc_1
    libspace.o(.text) refers to libspace.o(.bss) for __libspace_start
    rtexit.o(.ARM.Collect$$rtexit$$00000000) refers (Special) to rtexit2.o(.ARM.Collect$$rtexit$$00000004) for __rt_exit_exit
    rtexit.o(.ARM.Collect$$rtexit$$00000000) refers (Special) to rtexit2.o(.ARM.Collect$$rtexit$$00000003) for __rt_exit_ls
    rtexit.o(.ARM.Collect$$rtexit$$00000000) refers (Special) to rtexit2.o(.ARM.Collect$$rtexit$$00000002) for __rt_exit_prels_1
    rtexit.o(.ARM.exidx) refers (Special) to rtexit2.o(.ARM.Collect$$rtexit$$00000004) for __rt_exit_exit
    rtexit.o(.ARM.exidx) refers (Special) to rtexit2.o(.ARM.Collect$$rtexit$$00000003) for __rt_exit_ls
    rtexit.o(.ARM.exidx) refers (Special) to rtexit2.o(.ARM.Collect$$rtexit$$00000002) for __rt_exit_prels_1
    rtexit.o(.ARM.exidx) refers to rtexit.o(.ARM.Collect$$rtexit$$00000000) for .ARM.Collect$$rtexit$$00000000
    libinit2.o(.ARM.Collect$$libinit$$00000010) refers to libinit2.o(.ARM.Collect$$libinit$$0000000F) for .ARM.Collect$$libinit$$0000000F
    libinit2.o(.ARM.Collect$$libinit$$00000012) refers to libinit2.o(.ARM.Collect$$libinit$$0000000F) for .ARM.Collect$$libinit$$0000000F
    libinit2.o(.ARM.Collect$$libinit$$00000014) refers to libinit2.o(.ARM.Collect$$libinit$$0000000F) for .ARM.Collect$$libinit$$0000000F
    libinit2.o(.ARM.Collect$$libinit$$00000016) refers to libinit2.o(.ARM.Collect$$libinit$$0000000F) for .ARM.Collect$$libinit$$0000000F
    libinit2.o(.ARM.Collect$$libinit$$00000018) refers to libinit2.o(.ARM.Collect$$libinit$$0000000F) for .ARM.Collect$$libinit$$0000000F
    libinit2.o(.ARM.Collect$$libinit$$00000026) refers to argv_veneer.o(.emb_text) for __ARM_argv_veneer
    libinit2.o(.ARM.Collect$$libinit$$00000027) refers to argv_veneer.o(.emb_text) for __ARM_argv_veneer
    rtexit2.o(.ARM.Collect$$rtexit$$00000003) refers to libshutdown.o(.ARM.Collect$$libshutdown$$00000000) for __rt_lib_shutdown
    rtexit2.o(.ARM.Collect$$rtexit$$00000004) refers to sys_exit.o(.text) for _sys_exit
    rtexit2.o(.ARM.exidx) refers to rtexit2.o(.ARM.Collect$$rtexit$$00000001) for .ARM.Collect$$rtexit$$00000001
    rtexit2.o(.ARM.exidx) refers to rtexit2.o(.ARM.Collect$$rtexit$$00000003) for .ARM.Collect$$rtexit$$00000003
    rtexit2.o(.ARM.exidx) refers to rtexit2.o(.ARM.Collect$$rtexit$$00000004) for .ARM.Collect$$rtexit$$00000004
    argv_veneer.o(.emb_text) refers to no_argv.o(.text) for __ARM_get_argv
    sys_exit.o(.text) refers (Special) to use_no_semi.o(.text) for __I$use$semihosting
    sys_exit.o(.text) refers (Special) to indicate_semi.o(.text) for __semihosting_library_function
    _get_argv_nomalloc.o(.text) refers (Special) to hrguard.o(.text) for __heap_region$guard
    _get_argv_nomalloc.o(.text) refers to defsig_rtmem_outer.o(.text) for __rt_SIGRTMEM
    _get_argv_nomalloc.o(.text) refers to sys_command.o(.text) for _sys_command_string
    libshutdown.o(.ARM.Collect$$libshutdown$$00000000) refers (Special) to libshutdown2.o(.ARM.Collect$$libshutdown$$00000002) for __rt_lib_shutdown_cpp_1
    libshutdown.o(.ARM.Collect$$libshutdown$$00000000) refers (Special) to libshutdown2.o(.ARM.Collect$$libshutdown$$00000007) for __rt_lib_shutdown_fp_trap_1
    libshutdown.o(.ARM.Collect$$libshutdown$$00000000) refers (Special) to libshutdown2.o(.ARM.Collect$$libshutdown$$0000000F) for __rt_lib_shutdown_heap_1
    libshutdown.o(.ARM.Collect$$libshutdown$$00000000) refers (Special) to libshutdown2.o(.ARM.Collect$$libshutdown$$00000010) for __rt_lib_shutdown_return
    libshutdown.o(.ARM.Collect$$libshutdown$$00000000) refers (Special) to libshutdown2.o(.ARM.Collect$$libshutdown$$0000000A) for __rt_lib_shutdown_signal_1
    libshutdown.o(.ARM.Collect$$libshutdown$$00000000) refers (Special) to libshutdown2.o(.ARM.Collect$$libshutdown$$00000004) for __rt_lib_shutdown_stdio_1
    libshutdown.o(.ARM.Collect$$libshutdown$$00000000) refers (Special) to libshutdown2.o(.ARM.Collect$$libshutdown$$0000000C) for __rt_lib_shutdown_user_alloc_1
    sys_command.o(.text) refers (Special) to use_no_semi.o(.text) for __I$use$semihosting
    sys_command.o(.text) refers (Special) to indicate_semi.o(.text) for __semihosting_library_function
    defsig_rtmem_outer.o(.text) refers to defsig_rtmem_inner.o(.text) for __rt_SIGRTMEM_inner
    defsig_rtmem_outer.o(.text) refers to defsig_exit.o(.text) for __sig_exit
    defsig_rtmem_formal.o(.text) refers to rt_raise.o(.text) for __rt_raise
    rt_raise.o(.text) refers to __raise.o(.text) for __raise
    rt_raise.o(.text) refers to sys_exit.o(.text) for _sys_exit
    defsig_exit.o(.text) refers to sys_exit.o(.text) for _sys_exit
    defsig_rtmem_inner.o(.text) refers to defsig_general.o(.text) for __default_signal_display
    __raise.o(.text) refers to defsig.o(CL$$defsig) for __default_signal_handler
    defsig_general.o(.text) refers to sys_wrch.o(.text) for _ttywrch
    sys_wrch.o(.text) refers (Special) to use_no_semi.o(.text) for __I$use$semihosting
    sys_wrch.o(.text) refers (Special) to indicate_semi.o(.text) for __semihosting_library_function
    defsig.o(CL$$defsig) refers to defsig_rtmem_inner.o(.text) for __rt_SIGRTMEM_inner
    defsig_abrt_inner.o(.text) refers to defsig_general.o(.text) for __default_signal_display
    defsig_fpe_inner.o(.text) refers to defsig_general.o(.text) for __default_signal_display
    defsig_rtred_inner.o(.text) refers to defsig_general.o(.text) for __default_signal_display
    defsig_stak_inner.o(.text) refers to defsig_general.o(.text) for __default_signal_display
    defsig_pvfn_inner.o(.text) refers to defsig_general.o(.text) for __default_signal_display
    defsig_cppl_inner.o(.text) refers to defsig_general.o(.text) for __default_signal_display
    defsig_segv_inner.o(.text) refers to defsig_general.o(.text) for __default_signal_display
    defsig_other.o(.text) refers to defsig_general.o(.text) for __default_signal_display


==============================================================================

Removing Unused input sections from the image.

    Removing stm32f10x_rcc.o(i.RCC_ADCCLKConfig), (24 bytes).
    Removing stm32f10x_rcc.o(i.RCC_AHBPeriphClockCmd), (32 bytes).
    Removing stm32f10x_rcc.o(i.RCC_APB1PeriphClockCmd), (32 bytes).
    Removing stm32f10x_rcc.o(i.RCC_APB1PeriphResetCmd), (32 bytes).
    Removing stm32f10x_rcc.o(i.RCC_APB2PeriphClockCmd), (32 bytes).
    Removing stm32f10x_rcc.o(i.RCC_APB2PeriphResetCmd), (32 bytes).
    Removing stm32f10x_rcc.o(i.RCC_AdjustHSICalibrationValue), (24 bytes).
    Removing stm32f10x_rcc.o(i.RCC_BackupResetCmd), (12 bytes).
    Removing stm32f10x_rcc.o(i.RCC_ClearFlag), (20 bytes).
    Removing stm32f10x_rcc.o(i.RCC_ClearITPendingBit), (12 bytes).
    Removing stm32f10x_rcc.o(i.RCC_ClockSecuritySystemCmd), (12 bytes).
    Removing stm32f10x_rcc.o(i.RCC_DeInit), (76 bytes).
    Removing stm32f10x_rcc.o(i.RCC_GetClocksFreq), (212 bytes).
    Removing stm32f10x_rcc.o(i.RCC_GetFlagStatus), (60 bytes).
    Removing stm32f10x_rcc.o(i.RCC_GetITStatus), (24 bytes).
    Removing stm32f10x_rcc.o(i.RCC_GetSYSCLKSource), (16 bytes).
    Removing stm32f10x_rcc.o(i.RCC_HCLKConfig), (24 bytes).
    Removing stm32f10x_rcc.o(i.RCC_HSEConfig), (76 bytes).
    Removing stm32f10x_rcc.o(i.RCC_HSICmd), (12 bytes).
    Removing stm32f10x_rcc.o(i.RCC_ITConfig), (32 bytes).
    Removing stm32f10x_rcc.o(i.RCC_LSEConfig), (52 bytes).
    Removing stm32f10x_rcc.o(i.RCC_LSICmd), (12 bytes).
    Removing stm32f10x_rcc.o(i.RCC_MCOConfig), (12 bytes).
    Removing stm32f10x_rcc.o(i.RCC_PCLK1Config), (24 bytes).
    Removing stm32f10x_rcc.o(i.RCC_PCLK2Config), (24 bytes).
    Removing stm32f10x_rcc.o(i.RCC_PLLCmd), (12 bytes).
    Removing stm32f10x_rcc.o(i.RCC_PLLConfig), (28 bytes).
    Removing stm32f10x_rcc.o(i.RCC_RTCCLKCmd), (12 bytes).
    Removing stm32f10x_rcc.o(i.RCC_RTCCLKConfig), (16 bytes).
    Removing stm32f10x_rcc.o(i.RCC_SYSCLKConfig), (24 bytes).
    Removing stm32f10x_rcc.o(i.RCC_USBCLKConfig), (12 bytes).
    Removing stm32f10x_rcc.o(i.RCC_WaitForHSEStartUp), (56 bytes).
    Removing stm32f10x_rcc.o(.data), (20 bytes).
    Removing stm32f10x_gpio.o(i.GPIO_AFIODeInit), (20 bytes).
    Removing stm32f10x_gpio.o(i.GPIO_DeInit), (200 bytes).
    Removing stm32f10x_gpio.o(i.GPIO_ETH_MediaInterfaceConfig), (12 bytes).
    Removing stm32f10x_gpio.o(i.GPIO_EXTILineConfig), (64 bytes).
    Removing stm32f10x_gpio.o(i.GPIO_EventOutputCmd), (12 bytes).
    Removing stm32f10x_gpio.o(i.GPIO_EventOutputConfig), (32 bytes).
    Removing stm32f10x_gpio.o(i.GPIO_Init), (278 bytes).
    Removing stm32f10x_gpio.o(i.GPIO_PinLockConfig), (18 bytes).
    Removing stm32f10x_gpio.o(i.GPIO_PinRemapConfig), (144 bytes).
    Removing stm32f10x_gpio.o(i.GPIO_ReadInputData), (8 bytes).
    Removing stm32f10x_gpio.o(i.GPIO_ReadInputDataBit), (18 bytes).
    Removing stm32f10x_gpio.o(i.GPIO_ReadOutputData), (8 bytes).
    Removing stm32f10x_gpio.o(i.GPIO_ReadOutputDataBit), (18 bytes).
    Removing stm32f10x_gpio.o(i.GPIO_ResetBits), (4 bytes).
    Removing stm32f10x_gpio.o(i.GPIO_SetBits), (4 bytes).
    Removing stm32f10x_gpio.o(i.GPIO_StructInit), (16 bytes).
    Removing stm32f10x_gpio.o(i.GPIO_Write), (4 bytes).
    Removing stm32f10x_gpio.o(i.GPIO_WriteBit), (10 bytes).
    Removing core_cm3.o(.emb_text), (32 bytes).
    Removing system_stm32f10x.o(i.SystemCoreClockUpdate), (164 bytes).
    Removing system_stm32f10x.o(.data), (20 bytes).
    Removing eie3810_key.o(i.EIE3810_Key_Init), (172 bytes).
    Removing eie3810_key.o(i.EIE3810_Read_Key1_IDR), (16 bytes).
    Removing eie3810_key.o(i.EIE3810_Read_Key_Up_IDR), (16 bytes).
    Removing eie3810_led.o(i.EIE3810_LED_Init), (112 bytes).
    Removing eie3810_led.o(i.EIE3810_Toggle_LED1), (52 bytes).
    Removing eie3810_led.o(i.EIE3810_TurnOff_LED0), (20 bytes).
    Removing eie3810_led.o(i.EIE3810_TurnOn_LED0), (20 bytes).
    Removing eie3810_usart.o(i.EIE3810_USART2_init), (180 bytes).
    Removing eie3810_usart.o(i.USART_print), (88 bytes).

63 unused section(s) (total 2862 bytes) removed from the image.

==============================================================================

Image Symbol Table

    Local Symbols

    Symbol Name                              Value     Ov Type        Size  Object(Section)

    ../clib/angel/boardlib.s                 0x00000000   Number         0  boardinit3.o ABSOLUTE
    ../clib/angel/boardlib.s                 0x00000000   Number         0  boardinit2.o ABSOLUTE
    ../clib/angel/boardlib.s                 0x00000000   Number         0  boardinit1.o ABSOLUTE
    ../clib/angel/boardlib.s                 0x00000000   Number         0  boardshut.o ABSOLUTE
    ../clib/angel/handlers.s                 0x00000000   Number         0  __scatter_zi.o ABSOLUTE
    ../clib/angel/handlers.s                 0x00000000   Number         0  __scatter_copy.o ABSOLUTE
    ../clib/angel/kernel.s                   0x00000000   Number         0  __rtentry.o ABSOLUTE
    ../clib/angel/kernel.s                   0x00000000   Number         0  rtexit.o ABSOLUTE
    ../clib/angel/kernel.s                   0x00000000   Number         0  rtexit2.o ABSOLUTE
    ../clib/angel/kernel.s                   0x00000000   Number         0  __rtentry4.o ABSOLUTE
    ../clib/angel/kernel.s                   0x00000000   Number         0  __rtentry2.o ABSOLUTE
    ../clib/angel/rt.s                       0x00000000   Number         0  rt_raise.o ABSOLUTE
    ../clib/angel/scatter.s                  0x00000000   Number         0  __scatter.o ABSOLUTE
    ../clib/angel/startup.s                  0x00000000   Number         0  __main.o ABSOLUTE
    ../clib/angel/sys.s                      0x00000000   Number         0  indicate_semi.o ABSOLUTE
    ../clib/angel/sys.s                      0x00000000   Number         0  libspace.o ABSOLUTE
    ../clib/angel/sys.s                      0x00000000   Number         0  sys_stackheap_outer.o ABSOLUTE
    ../clib/angel/sys.s                      0x00000000   Number         0  use_no_semi.o ABSOLUTE
    ../clib/angel/sysapp.c                   0x00000000   Number         0  sys_wrch.o ABSOLUTE
    ../clib/angel/sysapp.c                   0x00000000   Number         0  sys_exit.o ABSOLUTE
    ../clib/angel/sysapp.c                   0x00000000   Number         0  sys_command.o ABSOLUTE
    ../clib/armsys.c                         0x00000000   Number         0  argv_veneer.o ABSOLUTE
    ../clib/armsys.c                         0x00000000   Number         0  argv_veneer.o ABSOLUTE
    ../clib/armsys.c                         0x00000000   Number         0  _get_argv_nomalloc.o ABSOLUTE
    ../clib/armsys.c                         0x00000000   Number         0  no_argv.o ABSOLUTE
    ../clib/heapalloc.c                      0x00000000   Number         0  hrguard.o ABSOLUTE
    ../clib/heapaux.c                        0x00000000   Number         0  heapauxi.o ABSOLUTE
    ../clib/libinit.s                        0x00000000   Number         0  libshutdown2.o ABSOLUTE
    ../clib/libinit.s                        0x00000000   Number         0  libinit2.o ABSOLUTE
    ../clib/libinit.s                        0x00000000   Number         0  libinit.o ABSOLUTE
    ../clib/libinit.s                        0x00000000   Number         0  libshutdown.o ABSOLUTE
    ../clib/memcpset.s                       0x00000000   Number         0  rt_memcpy_w.o ABSOLUTE
    ../clib/signal.c                         0x00000000   Number         0  defsig_stak_inner.o ABSOLUTE
    ../clib/signal.c                         0x00000000   Number         0  defsig_rtred_inner.o ABSOLUTE
    ../clib/signal.c                         0x00000000   Number         0  defsig_fpe_inner.o ABSOLUTE
    ../clib/signal.c                         0x00000000   Number         0  defsig_abrt_inner.o ABSOLUTE
    ../clib/signal.c                         0x00000000   Number         0  defsig_general.o ABSOLUTE
    ../clib/signal.c                         0x00000000   Number         0  defsig_cppl_inner.o ABSOLUTE
    ../clib/signal.c                         0x00000000   Number         0  defsig_rtmem_inner.o ABSOLUTE
    ../clib/signal.c                         0x00000000   Number         0  defsig_exit.o ABSOLUTE
    ../clib/signal.c                         0x00000000   Number         0  defsig_rtmem_outer.o ABSOLUTE
    ../clib/signal.c                         0x00000000   Number         0  defsig_rtmem_formal.o ABSOLUTE
    ../clib/signal.c                         0x00000000   Number         0  __raise.o ABSOLUTE
    ../clib/signal.c                         0x00000000   Number         0  defsig_other.o ABSOLUTE
    ../clib/signal.c                         0x00000000   Number         0  defsig_segv_inner.o ABSOLUTE
    ../clib/signal.c                         0x00000000   Number         0  defsig_pvfn_inner.o ABSOLUTE
    ../clib/signal.s                         0x00000000   Number         0  defsig.o ABSOLUTE
    ../clib/stdlib.c                         0x00000000   Number         0  exit.o ABSOLUTE
    ../clib/string.c                         0x00000000   Number         0  strlen.o ABSOLUTE
    ../fplib/daddsub.s                       0x00000000   Number         0  daddsub_clz.o ABSOLUTE
    ../fplib/dfixu.s                         0x00000000   Number         0  dfixu.o ABSOLUTE
    ../fplib/dflt.s                          0x00000000   Number         0  dflt_clz.o ABSOLUTE
    ../fplib/dnaninf.s                       0x00000000   Number         0  dnaninf.o ABSOLUTE
    ../fplib/dretinf.s                       0x00000000   Number         0  dretinf.o ABSOLUTE
    ../fplib/faddsub.s                       0x00000000   Number         0  faddsub_clz.o ABSOLUTE
    ../fplib/fdiv.s                          0x00000000   Number         0  fdiv.o ABSOLUTE
    ../fplib/ffixu.s                         0x00000000   Number         0  ffixu.o ABSOLUTE
    ../fplib/fflt.s                          0x00000000   Number         0  fflt_clz.o ABSOLUTE
    ../fplib/fmul.s                          0x00000000   Number         0  fmul.o ABSOLUTE
    ../fplib/fnaninf.s                       0x00000000   Number         0  fnaninf.o ABSOLUTE
    ../fplib/fpinit.s                        0x00000000   Number         0  fpinit.o ABSOLUTE
    ../fplib/fretinf.s                       0x00000000   Number         0  fretinf.o ABSOLUTE
    ../fplib/usenofp.s                       0x00000000   Number         0  usenofp.o ABSOLUTE
    Board\EIE3810_Buzzer.c                   0x00000000   Number         0  eie3810_buzzer.o ABSOLUTE
    Board\EIE3810_Clock.c                    0x00000000   Number         0  eie3810_clock.o ABSOLUTE
    Board\EIE3810_JOYPAD.c                   0x00000000   Number         0  eie3810_joypad.o ABSOLUTE
    Board\EIE3810_Key.c                      0x00000000   Number         0  eie3810_key.o ABSOLUTE
    Board\EIE3810_LED.c                      0x00000000   Number         0  eie3810_led.o ABSOLUTE
    Board\EIE3810_Others.c                   0x00000000   Number         0  eie3810_others.o ABSOLUTE
    Board\EIE3810_TFTLCD.c                   0x00000000   Number         0  eie3810_tftlcd.o ABSOLUTE
    Board\EIE3810_Timer.c                    0x00000000   Number         0  eie3810_timer.o ABSOLUTE
    Board\EIE3810_USART.c                    0x00000000   Number         0  eie3810_usart.o ABSOLUTE
    Core\\core_cm3.c                         0x00000000   Number         0  core_cm3.o ABSOLUTE
    Core\core_cm3.c                          0x00000000   Number         0  core_cm3.o ABSOLUTE
    Core\startup_stm32f10x_hd.s              0x00000000   Number         0  startup_stm32f10x_hd.o ABSOLUTE
    Core\system_stm32f10x.c                  0x00000000   Number         0  system_stm32f10x.o ABSOLUTE
    Fw_lib\src\stm32f10x_gpio.c              0x00000000   Number         0  stm32f10x_gpio.o ABSOLUTE
    Fw_lib\src\stm32f10x_rcc.c               0x00000000   Number         0  stm32f10x_rcc.o ABSOLUTE
    User\main.c                              0x00000000   Number         0  main.o ABSOLUTE
    User\stm32f10x_it.c                      0x00000000   Number         0  stm32f10x_it.o ABSOLUTE
    dc.s                                     0x00000000   Number         0  dc.o ABSOLUTE
    RESET                                    0x08000000   Section      304  startup_stm32f10x_hd.o(RESET)
    !!!main                                  0x08000130   Section        8  __main.o(!!!main)
    !!!scatter                               0x08000138   Section       52  __scatter.o(!!!scatter)
    !!handler_copy                           0x0800016c   Section       26  __scatter_copy.o(!!handler_copy)
    !!handler_zi                             0x08000188   Section       28  __scatter_zi.o(!!handler_zi)
    .ARM.Collect$$libinit$$00000000          0x080001a4   Section        2  libinit.o(.ARM.Collect$$libinit$$00000000)
    .ARM.Collect$$libinit$$00000002          0x080001a6   Section        0  libinit2.o(.ARM.Collect$$libinit$$00000002)
    .ARM.Collect$$libinit$$00000004          0x080001a6   Section        0  libinit2.o(.ARM.Collect$$libinit$$00000004)
    .ARM.Collect$$libinit$$0000000A          0x080001a6   Section        0  libinit2.o(.ARM.Collect$$libinit$$0000000A)
    .ARM.Collect$$libinit$$0000000C          0x080001a6   Section        0  libinit2.o(.ARM.Collect$$libinit$$0000000C)
    .ARM.Collect$$libinit$$0000000E          0x080001a6   Section        0  libinit2.o(.ARM.Collect$$libinit$$0000000E)
    .ARM.Collect$$libinit$$00000011          0x080001a6   Section        0  libinit2.o(.ARM.Collect$$libinit$$00000011)
    .ARM.Collect$$libinit$$00000013          0x080001a6   Section        0  libinit2.o(.ARM.Collect$$libinit$$00000013)
    .ARM.Collect$$libinit$$00000015          0x080001a6   Section        0  libinit2.o(.ARM.Collect$$libinit$$00000015)
    .ARM.Collect$$libinit$$00000017          0x080001a6   Section        0  libinit2.o(.ARM.Collect$$libinit$$00000017)
    .ARM.Collect$$libinit$$00000019          0x080001a6   Section        0  libinit2.o(.ARM.Collect$$libinit$$00000019)
    .ARM.Collect$$libinit$$0000001B          0x080001a6   Section        0  libinit2.o(.ARM.Collect$$libinit$$0000001B)
    .ARM.Collect$$libinit$$0000001D          0x080001a6   Section        0  libinit2.o(.ARM.Collect$$libinit$$0000001D)
    .ARM.Collect$$libinit$$0000001F          0x080001a6   Section        0  libinit2.o(.ARM.Collect$$libinit$$0000001F)
    .ARM.Collect$$libinit$$00000021          0x080001a6   Section        0  libinit2.o(.ARM.Collect$$libinit$$00000021)
    .ARM.Collect$$libinit$$00000023          0x080001a6   Section        0  libinit2.o(.ARM.Collect$$libinit$$00000023)
    .ARM.Collect$$libinit$$00000025          0x080001a6   Section        0  libinit2.o(.ARM.Collect$$libinit$$00000025)
    .ARM.Collect$$libinit$$0000002C          0x080001a6   Section        0  libinit2.o(.ARM.Collect$$libinit$$0000002C)
    .ARM.Collect$$libinit$$0000002E          0x080001a6   Section        0  libinit2.o(.ARM.Collect$$libinit$$0000002E)
    .ARM.Collect$$libinit$$00000030          0x080001a6   Section        0  libinit2.o(.ARM.Collect$$libinit$$00000030)
    .ARM.Collect$$libinit$$00000032          0x080001a6   Section        0  libinit2.o(.ARM.Collect$$libinit$$00000032)
    .ARM.Collect$$libinit$$00000033          0x080001a6   Section        2  libinit2.o(.ARM.Collect$$libinit$$00000033)
    .ARM.Collect$$libshutdown$$00000000      0x080001a8   Section        2  libshutdown.o(.ARM.Collect$$libshutdown$$00000000)
    .ARM.Collect$$libshutdown$$00000002      0x080001aa   Section        0  libshutdown2.o(.ARM.Collect$$libshutdown$$00000002)
    .ARM.Collect$$libshutdown$$00000004      0x080001aa   Section        0  libshutdown2.o(.ARM.Collect$$libshutdown$$00000004)
    .ARM.Collect$$libshutdown$$00000007      0x080001aa   Section        0  libshutdown2.o(.ARM.Collect$$libshutdown$$00000007)
    .ARM.Collect$$libshutdown$$0000000A      0x080001aa   Section        0  libshutdown2.o(.ARM.Collect$$libshutdown$$0000000A)
    .ARM.Collect$$libshutdown$$0000000C      0x080001aa   Section        0  libshutdown2.o(.ARM.Collect$$libshutdown$$0000000C)
    .ARM.Collect$$libshutdown$$0000000F      0x080001aa   Section        0  libshutdown2.o(.ARM.Collect$$libshutdown$$0000000F)
    .ARM.Collect$$libshutdown$$00000010      0x080001aa   Section        2  libshutdown2.o(.ARM.Collect$$libshutdown$$00000010)
    .ARM.Collect$$rtentry$$00000000          0x080001ac   Section        0  __rtentry.o(.ARM.Collect$$rtentry$$00000000)
    .ARM.Collect$$rtentry$$00000002          0x080001ac   Section        0  __rtentry2.o(.ARM.Collect$$rtentry$$00000002)
    .ARM.Collect$$rtentry$$00000004          0x080001ac   Section        6  __rtentry4.o(.ARM.Collect$$rtentry$$00000004)
    .ARM.Collect$$rtentry$$00000009          0x080001b2   Section        0  __rtentry2.o(.ARM.Collect$$rtentry$$00000009)
    .ARM.Collect$$rtentry$$0000000A          0x080001b2   Section        4  __rtentry2.o(.ARM.Collect$$rtentry$$0000000A)
    .ARM.Collect$$rtentry$$0000000C          0x080001b6   Section        0  __rtentry2.o(.ARM.Collect$$rtentry$$0000000C)
    .ARM.Collect$$rtentry$$0000000D          0x080001b6   Section        8  __rtentry2.o(.ARM.Collect$$rtentry$$0000000D)
    .ARM.Collect$$rtexit$$00000000           0x080001be   Section        2  rtexit.o(.ARM.Collect$$rtexit$$00000000)
    .ARM.Collect$$rtexit$$00000002           0x080001c0   Section        0  rtexit2.o(.ARM.Collect$$rtexit$$00000002)
    .ARM.Collect$$rtexit$$00000003           0x080001c0   Section        4  rtexit2.o(.ARM.Collect$$rtexit$$00000003)
    .ARM.Collect$$rtexit$$00000004           0x080001c4   Section        6  rtexit2.o(.ARM.Collect$$rtexit$$00000004)
    .text                                    0x080001cc   Section       64  startup_stm32f10x_hd.o(.text)
    .text                                    0x0800020c   Section        0  strlen.o(.text)
    .text                                    0x0800024a   Section      100  rt_memcpy_w.o(.text)
    .text                                    0x080002ae   Section        0  heapauxi.o(.text)
    .text                                    0x080002b4   Section       74  sys_stackheap_outer.o(.text)
    .text                                    0x080002fe   Section        0  exit.o(.text)
    .text                                    0x08000310   Section        8  libspace.o(.text)
    .text                                    0x08000318   Section        0  sys_exit.o(.text)
    .text                                    0x08000324   Section        2  use_no_semi.o(.text)
    .text                                    0x08000326   Section        0  indicate_semi.o(.text)
    i.Ball_Move                              0x08000328   Section        0  main.o(i.Ball_Move)
    i.BusFault_Handler                       0x08000474   Section        0  stm32f10x_it.o(i.BusFault_Handler)
    i.DebugMon_Handler                       0x08000478   Section        0  stm32f10x_it.o(i.DebugMon_Handler)
    i.Delay                                  0x0800047a   Section        0  eie3810_others.o(i.Delay)
    i.EIE3810_Buzzer_Init                    0x08000488   Section        0  eie3810_buzzer.o(i.EIE3810_Buzzer_Init)
    i.EIE3810_FourKeys_EXTIInit              0x080004c4   Section        0  eie3810_key.o(i.EIE3810_FourKeys_EXTIInit)
    i.EIE3810_JOYPAD_Delay                   0x080004d8   Section        0  eie3810_joypad.o(i.EIE3810_JOYPAD_Delay)
    i.EIE3810_JOYPAD_GetIndex                0x080004e6   Section        0  eie3810_joypad.o(i.EIE3810_JOYPAD_GetIndex)
    i.EIE3810_JOYPAD_Init                    0x08000514   Section        0  eie3810_joypad.o(i.EIE3810_JOYPAD_Init)
    i.EIE3810_JOYPAD_Read                    0x08000584   Section        0  eie3810_joypad.o(i.EIE3810_JOYPAD_Read)
    i.EIE3810_Key0_EXTIInit                  0x08000604   Section        0  eie3810_key.o(i.EIE3810_Key0_EXTIInit)
    i.EIE3810_Key1_EXTIInit                  0x080006a4   Section        0  eie3810_key.o(i.EIE3810_Key1_EXTIInit)
    i.EIE3810_Key2_EXTIInit                  0x08000744   Section        0  eie3810_key.o(i.EIE3810_Key2_EXTIInit)
    i.EIE3810_KeyUp_EXTIInit                 0x080007e4   Section        0  eie3810_key.o(i.EIE3810_KeyUp_EXTIInit)
    i.EIE3810_NVIC_SetPriorityGroup          0x0800087c   Section        0  eie3810_others.o(i.EIE3810_NVIC_SetPriorityGroup)
    i.EIE3810_Read_Key0_IDR                  0x080008a4   Section        0  eie3810_key.o(i.EIE3810_Read_Key0_IDR)
    i.EIE3810_Read_Key2_IDR                  0x080008b4   Section        0  eie3810_key.o(i.EIE3810_Read_Key2_IDR)
    i.EIE3810_TFTLCD_Clear                   0x080008c4   Section        0  eie3810_tftlcd.o(i.EIE3810_TFTLCD_Clear)
    i.EIE3810_TFTLCD_DrawCircle              0x08000964   Section        0  eie3810_tftlcd.o(i.EIE3810_TFTLCD_DrawCircle)
    i.EIE3810_TFTLCD_DrawDot                 0x08000ac2   Section        0  eie3810_tftlcd.o(i.EIE3810_TFTLCD_DrawDot)
    i.EIE3810_TFTLCD_DrawRectangle           0x08000b10   Section        0  eie3810_tftlcd.o(i.EIE3810_TFTLCD_DrawRectangle)
    i.EIE3810_TFTLCD_Init                    0x08000bbc   Section        0  eie3810_tftlcd.o(i.EIE3810_TFTLCD_Init)
    i.EIE3810_TFTLCD_SetParameter            0x08000d40   Section        0  eie3810_tftlcd.o(i.EIE3810_TFTLCD_SetParameter)
    i.EIE3810_TFTLCD_SevenSegment            0x08001c10   Section        0  eie3810_tftlcd.o(i.EIE3810_TFTLCD_SevenSegment)
    i.EIE3810_TFTLCD_ShowChar1206            0x08001ce0   Section        0  eie3810_tftlcd.o(i.EIE3810_TFTLCD_ShowChar1206)
    i.EIE3810_TFTLCD_ShowChar1608            0x08001e00   Section        0  eie3810_tftlcd.o(i.EIE3810_TFTLCD_ShowChar1608)
    i.EIE3810_TFTLCD_ShowChar2412            0x08001eb8   Section        0  eie3810_tftlcd.o(i.EIE3810_TFTLCD_ShowChar2412)
    i.EIE3810_TFTLCD_ShowString              0x08001fd8   Section        0  eie3810_tftlcd.o(i.EIE3810_TFTLCD_ShowString)
    i.EIE3810_TFTLCD_WrCmd                   0x08002058   Section        0  eie3810_tftlcd.o(i.EIE3810_TFTLCD_WrCmd)
    i.EIE3810_TFTLCD_WrCmdData               0x08002060   Section        0  eie3810_tftlcd.o(i.EIE3810_TFTLCD_WrCmdData)
    i.EIE3810_TFTLCD_WrData                  0x08002070   Section        0  eie3810_tftlcd.o(i.EIE3810_TFTLCD_WrData)
    i.EIE3810_TIM3_Init                      0x0800207c   Section        0  eie3810_timer.o(i.EIE3810_TIM3_Init)
    i.EIE3810_TIM4_Init                      0x080020d8   Section        0  eie3810_timer.o(i.EIE3810_TIM4_Init)
    i.EIE3810_Toggle_Buzzer                  0x08002134   Section        0  eie3810_buzzer.o(i.EIE3810_Toggle_Buzzer)
    i.EIE3810_USART1_EXTIInit                0x08002168   Section        0  eie3810_usart.o(i.EIE3810_USART1_EXTIInit)
    i.EIE3810_USART1_init                    0x08002188   Section        0  eie3810_usart.o(i.EIE3810_USART1_init)
    i.EIE3810_clock_tree_init                0x08002248   Section        0  eie3810_clock.o(i.EIE3810_clock_tree_init)
    i.EXTI0_IRQHandler                       0x08002304   Section        0  main.o(i.EXTI0_IRQHandler)
    i.EXTI2_IRQHandler                       0x080023c4   Section        0  main.o(i.EXTI2_IRQHandler)
    i.EXTI3_IRQHandler                       0x080023d0   Section        0  main.o(i.EXTI3_IRQHandler)
    i.EXTI4_IRQHandler                       0x080024ac   Section        0  main.o(i.EXTI4_IRQHandler)
    i.HardFault_Handler                      0x080024ec   Section        0  stm32f10x_it.o(i.HardFault_Handler)
    i.MemManage_Handler                      0x080024f0   Section        0  stm32f10x_it.o(i.MemManage_Handler)
    i.NMI_Handler                            0x080024f4   Section        0  stm32f10x_it.o(i.NMI_Handler)
    i.PLAYING_update                         0x080024f8   Section        0  main.o(i.PLAYING_update)
    i.PendSV_Handler                         0x0800262c   Section        0  stm32f10x_it.o(i.PendSV_Handler)
    i.SVC_Handler                            0x0800262e   Section        0  stm32f10x_it.o(i.SVC_Handler)
    i.SetSysClock                            0x08002630   Section        0  system_stm32f10x.o(i.SetSysClock)
    SetSysClock                              0x08002631   Thumb Code     8  system_stm32f10x.o(i.SetSysClock)
    i.SetSysClockTo72                        0x08002638   Section        0  system_stm32f10x.o(i.SetSysClockTo72)
    SetSysClockTo72                          0x08002639   Thumb Code   214  system_stm32f10x.o(i.SetSysClockTo72)
    i.SysTick_Handler                        0x08002718   Section        0  stm32f10x_it.o(i.SysTick_Handler)
    i.SystemInit                             0x0800271c   Section        0  system_stm32f10x.o(i.SystemInit)
    i.TIM3_IRQHandler                        0x0800277c   Section        0  main.o(i.TIM3_IRQHandler)
    i.TIM4_IRQHandler                        0x08002820   Section        0  main.o(i.TIM4_IRQHandler)
    i.USART1_IRQHandler                      0x08002ab8   Section        0  main.o(i.USART1_IRQHandler)
    i.UsageFault_Handler                     0x08002b4c   Section        0  stm32f10x_it.o(i.UsageFault_Handler)
    i.draw_bounces                           0x08002b50   Section        0  main.o(i.draw_bounces)
    i.draw_e_time                            0x08002bc4   Section        0  main.o(i.draw_e_time)
    i.game_state_BALL_SIZE_init              0x08002cc4   Section        0  main.o(i.game_state_BALL_SIZE_init)
    i.game_state_COUNT_DOWN                  0x08002d80   Section        0  main.o(i.game_state_COUNT_DOWN)
    i.game_state_DIFF_LEVEL_init             0x08002dd0   Section        0  main.o(i.game_state_DIFF_LEVEL_init)
    i.game_state_GAME_OVER_init              0x08002e94   Section        0  main.o(i.game_state_GAME_OVER_init)
    i.game_state_INTRO_init                  0x08002f18   Section        0  main.o(i.game_state_INTRO_init)
    i.game_state_PLAYING_init                0x08003008   Section        0  main.o(i.game_state_PLAYING_init)
    i.game_state_USART_init                  0x08003064   Section        0  main.o(i.game_state_USART_init)
    i.main                                   0x080030b0   Section        0  main.o(i.main)
    x$fpl$dadd                               0x0800318c   Section      336  daddsub_clz.o(x$fpl$dadd)
    _dadd1                                   0x0800319d   Thumb Code     0  daddsub_clz.o(x$fpl$dadd)
    x$fpl$dfixu                              0x080032dc   Section       90  dfixu.o(x$fpl$dfixu)
    x$fpl$dfltu                              0x08003336   Section       38  dflt_clz.o(x$fpl$dfltu)
    x$fpl$dnaninf                            0x0800335c   Section      156  dnaninf.o(x$fpl$dnaninf)
    x$fpl$dretinf                            0x080033f8   Section       12  dretinf.o(x$fpl$dretinf)
    x$fpl$dsub                               0x08003404   Section      468  daddsub_clz.o(x$fpl$dsub)
    _dsub1                                   0x08003415   Thumb Code     0  daddsub_clz.o(x$fpl$dsub)
    x$fpl$fadd                               0x080035d8   Section      196  faddsub_clz.o(x$fpl$fadd)
    _fadd1                                   0x080035e7   Thumb Code     0  faddsub_clz.o(x$fpl$fadd)
    x$fpl$fdiv                               0x0800369c   Section      388  fdiv.o(x$fpl$fdiv)
    _fdiv1                                   0x0800369d   Thumb Code     0  fdiv.o(x$fpl$fdiv)
    x$fpl$ffixu                              0x08003820   Section       62  ffixu.o(x$fpl$ffixu)
    x$fpl$ffltu                              0x08003860   Section       38  fflt_clz.o(x$fpl$ffltu)
    x$fpl$fmul                               0x08003888   Section      258  fmul.o(x$fpl$fmul)
    x$fpl$fnaninf                            0x0800398a   Section      140  fnaninf.o(x$fpl$fnaninf)
    x$fpl$fretinf                            0x08003a16   Section       10  fretinf.o(x$fpl$fretinf)
    x$fpl$frsb                               0x08003a20   Section       20  faddsub_clz.o(x$fpl$frsb)
    x$fpl$fsub                               0x08003a34   Section      234  faddsub_clz.o(x$fpl$fsub)
    _fsub1                                   0x08003a43   Thumb Code     0  faddsub_clz.o(x$fpl$fsub)
    x$fpl$usenofp                            0x08003b1e   Section        0  usenofp.o(x$fpl$usenofp)
    .constdata                               0x08003b20   Section     6276  eie3810_tftlcd.o(.constdata)
    .data                                    0x20000000   Section      112  main.o(.data)
    .bss                                     0x20000070   Section       96  libspace.o(.bss)
    HEAP                                     0x200000d0   Section      512  startup_stm32f10x_hd.o(HEAP)
    Heap_Mem                                 0x200000d0   Data         512  startup_stm32f10x_hd.o(HEAP)
    STACK                                    0x200002d0   Section     1024  startup_stm32f10x_hd.o(STACK)
    Stack_Mem                                0x200002d0   Data        1024  startup_stm32f10x_hd.o(STACK)
    __initial_sp                             0x200006d0   Data           0  startup_stm32f10x_hd.o(STACK)

    Global Symbols

    Symbol Name                              Value     Ov Type        Size  Object(Section)

    BuildAttributes$$THM_ISAv4$P$D$K$B$S$PE$A:L22UL41UL21$X:L11$S22US41US21$IEEE1$IW$USESV6$~STKCKD$USESV7$~SHL$OSPACE$ROPI$EBA8$UX$STANDARDLIB$REQ8$PRES8$EABIv2 0x00000000   Number         0  anon$$obj.o ABSOLUTE
    __ARM_use_no_argv                        0x00000000   Number         0  main.o ABSOLUTE
    __ARM_exceptions_init                     - Undefined Weak Reference
    __alloca_initialize                       - Undefined Weak Reference
    __arm_preinit_                            - Undefined Weak Reference
    __cpp_initialize__aeabi_                  - Undefined Weak Reference
    __cxa_finalize                            - Undefined Weak Reference
    __rt_locale                               - Undefined Weak Reference
    __sigvec_lookup                           - Undefined Weak Reference
    _atexit_init                              - Undefined Weak Reference
    _call_atexit_fns                          - Undefined Weak Reference
    _clock_init                               - Undefined Weak Reference
    _fp_trap_init                             - Undefined Weak Reference
    _fp_trap_shutdown                         - Undefined Weak Reference
    _get_lc_collate                           - Undefined Weak Reference
    _get_lc_ctype                             - Undefined Weak Reference
    _get_lc_monetary                          - Undefined Weak Reference
    _get_lc_numeric                           - Undefined Weak Reference
    _get_lc_time                              - Undefined Weak Reference
    _getenv_init                              - Undefined Weak Reference
    _handle_redirection                       - Undefined Weak Reference
    _init_alloc                               - Undefined Weak Reference
    _init_user_alloc                          - Undefined Weak Reference
    _initio                                   - Undefined Weak Reference
    _rand_init                                - Undefined Weak Reference
    _signal_finish                            - Undefined Weak Reference
    _signal_init                              - Undefined Weak Reference
    _terminate_alloc                          - Undefined Weak Reference
    _terminate_user_alloc                     - Undefined Weak Reference
    _terminateio                              - Undefined Weak Reference
    __Vectors_Size                           0x00000130   Number         0  startup_stm32f10x_hd.o ABSOLUTE
    __Vectors                                0x08000000   Data           4  startup_stm32f10x_hd.o(RESET)
    __Vectors_End                            0x08000130   Data           0  startup_stm32f10x_hd.o(RESET)
    __main                                   0x08000131   Thumb Code     8  __main.o(!!!main)
    __scatterload                            0x08000139   Thumb Code     0  __scatter.o(!!!scatter)
    __scatterload_rt2                        0x08000139   Thumb Code    44  __scatter.o(!!!scatter)
    __scatterload_rt2_thumb_only             0x08000139   Thumb Code     0  __scatter.o(!!!scatter)
    __scatterload_null                       0x08000147   Thumb Code     0  __scatter.o(!!!scatter)
    __scatterload_copy                       0x0800016d   Thumb Code    26  __scatter_copy.o(!!handler_copy)
    __scatterload_zeroinit                   0x08000189   Thumb Code    28  __scatter_zi.o(!!handler_zi)
    __rt_lib_init                            0x080001a5   Thumb Code     0  libinit.o(.ARM.Collect$$libinit$$00000000)
    __rt_lib_init_alloca_1                   0x080001a7   Thumb Code     0  libinit2.o(.ARM.Collect$$libinit$$0000002E)
    __rt_lib_init_argv_1                     0x080001a7   Thumb Code     0  libinit2.o(.ARM.Collect$$libinit$$0000002C)
    __rt_lib_init_atexit_1                   0x080001a7   Thumb Code     0  libinit2.o(.ARM.Collect$$libinit$$0000001B)
    __rt_lib_init_clock_1                    0x080001a7   Thumb Code     0  libinit2.o(.ARM.Collect$$libinit$$00000021)
    __rt_lib_init_cpp_1                      0x080001a7   Thumb Code     0  libinit2.o(.ARM.Collect$$libinit$$00000032)
    __rt_lib_init_exceptions_1               0x080001a7   Thumb Code     0  libinit2.o(.ARM.Collect$$libinit$$00000030)
    __rt_lib_init_fp_1                       0x080001a7   Thumb Code     0  libinit2.o(.ARM.Collect$$libinit$$00000002)
    __rt_lib_init_fp_trap_1                  0x080001a7   Thumb Code     0  libinit2.o(.ARM.Collect$$libinit$$0000001F)
    __rt_lib_init_getenv_1                   0x080001a7   Thumb Code     0  libinit2.o(.ARM.Collect$$libinit$$00000023)
    __rt_lib_init_heap_1                     0x080001a7   Thumb Code     0  libinit2.o(.ARM.Collect$$libinit$$0000000A)
    __rt_lib_init_lc_collate_1               0x080001a7   Thumb Code     0  libinit2.o(.ARM.Collect$$libinit$$00000011)
    __rt_lib_init_lc_ctype_1                 0x080001a7   Thumb Code     0  libinit2.o(.ARM.Collect$$libinit$$00000013)
    __rt_lib_init_lc_monetary_1              0x080001a7   Thumb Code     0  libinit2.o(.ARM.Collect$$libinit$$00000015)
    __rt_lib_init_lc_numeric_1               0x080001a7   Thumb Code     0  libinit2.o(.ARM.Collect$$libinit$$00000017)
    __rt_lib_init_lc_time_1                  0x080001a7   Thumb Code     0  libinit2.o(.ARM.Collect$$libinit$$00000019)
    __rt_lib_init_preinit_1                  0x080001a7   Thumb Code     0  libinit2.o(.ARM.Collect$$libinit$$00000004)
    __rt_lib_init_rand_1                     0x080001a7   Thumb Code     0  libinit2.o(.ARM.Collect$$libinit$$0000000E)
    __rt_lib_init_return                     0x080001a7   Thumb Code     0  libinit2.o(.ARM.Collect$$libinit$$00000033)
    __rt_lib_init_signal_1                   0x080001a7   Thumb Code     0  libinit2.o(.ARM.Collect$$libinit$$0000001D)
    __rt_lib_init_stdio_1                    0x080001a7   Thumb Code     0  libinit2.o(.ARM.Collect$$libinit$$00000025)
    __rt_lib_init_user_alloc_1               0x080001a7   Thumb Code     0  libinit2.o(.ARM.Collect$$libinit$$0000000C)
    __rt_lib_shutdown                        0x080001a9   Thumb Code     0  libshutdown.o(.ARM.Collect$$libshutdown$$00000000)
    __rt_lib_shutdown_cpp_1                  0x080001ab   Thumb Code     0  libshutdown2.o(.ARM.Collect$$libshutdown$$00000002)
    __rt_lib_shutdown_fp_trap_1              0x080001ab   Thumb Code     0  libshutdown2.o(.ARM.Collect$$libshutdown$$00000007)
    __rt_lib_shutdown_heap_1                 0x080001ab   Thumb Code     0  libshutdown2.o(.ARM.Collect$$libshutdown$$0000000F)
    __rt_lib_shutdown_return                 0x080001ab   Thumb Code     0  libshutdown2.o(.ARM.Collect$$libshutdown$$00000010)
    __rt_lib_shutdown_signal_1               0x080001ab   Thumb Code     0  libshutdown2.o(.ARM.Collect$$libshutdown$$0000000A)
    __rt_lib_shutdown_stdio_1                0x080001ab   Thumb Code     0  libshutdown2.o(.ARM.Collect$$libshutdown$$00000004)
    __rt_lib_shutdown_user_alloc_1           0x080001ab   Thumb Code     0  libshutdown2.o(.ARM.Collect$$libshutdown$$0000000C)
    __rt_entry                               0x080001ad   Thumb Code     0  __rtentry.o(.ARM.Collect$$rtentry$$00000000)
    __rt_entry_presh_1                       0x080001ad   Thumb Code     0  __rtentry2.o(.ARM.Collect$$rtentry$$00000002)
    __rt_entry_sh                            0x080001ad   Thumb Code     0  __rtentry4.o(.ARM.Collect$$rtentry$$00000004)
    __rt_entry_li                            0x080001b3   Thumb Code     0  __rtentry2.o(.ARM.Collect$$rtentry$$0000000A)
    __rt_entry_postsh_1                      0x080001b3   Thumb Code     0  __rtentry2.o(.ARM.Collect$$rtentry$$00000009)
    __rt_entry_main                          0x080001b7   Thumb Code     0  __rtentry2.o(.ARM.Collect$$rtentry$$0000000D)
    __rt_entry_postli_1                      0x080001b7   Thumb Code     0  __rtentry2.o(.ARM.Collect$$rtentry$$0000000C)
    __rt_exit                                0x080001bf   Thumb Code     0  rtexit.o(.ARM.Collect$$rtexit$$00000000)
    __rt_exit_ls                             0x080001c1   Thumb Code     0  rtexit2.o(.ARM.Collect$$rtexit$$00000003)
    __rt_exit_prels_1                        0x080001c1   Thumb Code     0  rtexit2.o(.ARM.Collect$$rtexit$$00000002)
    __rt_exit_exit                           0x080001c5   Thumb Code     0  rtexit2.o(.ARM.Collect$$rtexit$$00000004)
    Reset_Handler                            0x080001cd   Thumb Code     8  startup_stm32f10x_hd.o(.text)
    ADC1_2_IRQHandler                        0x080001e7   Thumb Code     0  startup_stm32f10x_hd.o(.text)
    ADC3_IRQHandler                          0x080001e7   Thumb Code     0  startup_stm32f10x_hd.o(.text)
    CAN1_RX1_IRQHandler                      0x080001e7   Thumb Code     0  startup_stm32f10x_hd.o(.text)
    CAN1_SCE_IRQHandler                      0x080001e7   Thumb Code     0  startup_stm32f10x_hd.o(.text)
    DMA1_Channel1_IRQHandler                 0x080001e7   Thumb Code     0  startup_stm32f10x_hd.o(.text)
    DMA1_Channel2_IRQHandler                 0x080001e7   Thumb Code     0  startup_stm32f10x_hd.o(.text)
    DMA1_Channel3_IRQHandler                 0x080001e7   Thumb Code     0  startup_stm32f10x_hd.o(.text)
    DMA1_Channel4_IRQHandler                 0x080001e7   Thumb Code     0  startup_stm32f10x_hd.o(.text)
    DMA1_Channel5_IRQHandler                 0x080001e7   Thumb Code     0  startup_stm32f10x_hd.o(.text)
    DMA1_Channel6_IRQHandler                 0x080001e7   Thumb Code     0  startup_stm32f10x_hd.o(.text)
    DMA1_Channel7_IRQHandler                 0x080001e7   Thumb Code     0  startup_stm32f10x_hd.o(.text)
    DMA2_Channel1_IRQHandler                 0x080001e7   Thumb Code     0  startup_stm32f10x_hd.o(.text)
    DMA2_Channel2_IRQHandler                 0x080001e7   Thumb Code     0  startup_stm32f10x_hd.o(.text)
    DMA2_Channel3_IRQHandler                 0x080001e7   Thumb Code     0  startup_stm32f10x_hd.o(.text)
    DMA2_Channel4_5_IRQHandler               0x080001e7   Thumb Code     0  startup_stm32f10x_hd.o(.text)
    EXTI15_10_IRQHandler                     0x080001e7   Thumb Code     0  startup_stm32f10x_hd.o(.text)
    EXTI1_IRQHandler                         0x080001e7   Thumb Code     0  startup_stm32f10x_hd.o(.text)
    EXTI9_5_IRQHandler                       0x080001e7   Thumb Code     0  startup_stm32f10x_hd.o(.text)
    FLASH_IRQHandler                         0x080001e7   Thumb Code     0  startup_stm32f10x_hd.o(.text)
    FSMC_IRQHandler                          0x080001e7   Thumb Code     0  startup_stm32f10x_hd.o(.text)
    I2C1_ER_IRQHandler                       0x080001e7   Thumb Code     0  startup_stm32f10x_hd.o(.text)
    I2C1_EV_IRQHandler                       0x080001e7   Thumb Code     0  startup_stm32f10x_hd.o(.text)
    I2C2_ER_IRQHandler                       0x080001e7   Thumb Code     0  startup_stm32f10x_hd.o(.text)
    I2C2_EV_IRQHandler                       0x080001e7   Thumb Code     0  startup_stm32f10x_hd.o(.text)
    PVD_IRQHandler                           0x080001e7   Thumb Code     0  startup_stm32f10x_hd.o(.text)
    RCC_IRQHandler                           0x080001e7   Thumb Code     0  startup_stm32f10x_hd.o(.text)
    RTCAlarm_IRQHandler                      0x080001e7   Thumb Code     0  startup_stm32f10x_hd.o(.text)
    RTC_IRQHandler                           0x080001e7   Thumb Code     0  startup_stm32f10x_hd.o(.text)
    SDIO_IRQHandler                          0x080001e7   Thumb Code     0  startup_stm32f10x_hd.o(.text)
    SPI1_IRQHandler                          0x080001e7   Thumb Code     0  startup_stm32f10x_hd.o(.text)
    SPI2_IRQHandler                          0x080001e7   Thumb Code     0  startup_stm32f10x_hd.o(.text)
    SPI3_IRQHandler                          0x080001e7   Thumb Code     0  startup_stm32f10x_hd.o(.text)
    TAMPER_IRQHandler                        0x080001e7   Thumb Code     0  startup_stm32f10x_hd.o(.text)
    TIM1_BRK_IRQHandler                      0x080001e7   Thumb Code     0  startup_stm32f10x_hd.o(.text)
    TIM1_CC_IRQHandler                       0x080001e7   Thumb Code     0  startup_stm32f10x_hd.o(.text)
    TIM1_TRG_COM_IRQHandler                  0x080001e7   Thumb Code     0  startup_stm32f10x_hd.o(.text)
    TIM1_UP_IRQHandler                       0x080001e7   Thumb Code     0  startup_stm32f10x_hd.o(.text)
    TIM2_IRQHandler                          0x080001e7   Thumb Code     0  startup_stm32f10x_hd.o(.text)
    TIM5_IRQHandler                          0x080001e7   Thumb Code     0  startup_stm32f10x_hd.o(.text)
    TIM6_IRQHandler                          0x080001e7   Thumb Code     0  startup_stm32f10x_hd.o(.text)
    TIM7_IRQHandler                          0x080001e7   Thumb Code     0  startup_stm32f10x_hd.o(.text)
    TIM8_BRK_IRQHandler                      0x080001e7   Thumb Code     0  startup_stm32f10x_hd.o(.text)
    TIM8_CC_IRQHandler                       0x080001e7   Thumb Code     0  startup_stm32f10x_hd.o(.text)
    TIM8_TRG_COM_IRQHandler                  0x080001e7   Thumb Code     0  startup_stm32f10x_hd.o(.text)
    TIM8_UP_IRQHandler                       0x080001e7   Thumb Code     0  startup_stm32f10x_hd.o(.text)
    UART4_IRQHandler                         0x080001e7   Thumb Code     0  startup_stm32f10x_hd.o(.text)
    UART5_IRQHandler                         0x080001e7   Thumb Code     0  startup_stm32f10x_hd.o(.text)
    USART2_IRQHandler                        0x080001e7   Thumb Code     0  startup_stm32f10x_hd.o(.text)
    USART3_IRQHandler                        0x080001e7   Thumb Code     0  startup_stm32f10x_hd.o(.text)
    USBWakeUp_IRQHandler                     0x080001e7   Thumb Code     0  startup_stm32f10x_hd.o(.text)
    USB_HP_CAN1_TX_IRQHandler                0x080001e7   Thumb Code     0  startup_stm32f10x_hd.o(.text)
    USB_LP_CAN1_RX0_IRQHandler               0x080001e7   Thumb Code     0  startup_stm32f10x_hd.o(.text)
    WWDG_IRQHandler                          0x080001e7   Thumb Code     0  startup_stm32f10x_hd.o(.text)
    __user_initial_stackheap                 0x080001e9   Thumb Code     0  startup_stm32f10x_hd.o(.text)
    strlen                                   0x0800020d   Thumb Code    62  strlen.o(.text)
    __aeabi_memcpy4                          0x0800024b   Thumb Code     0  rt_memcpy_w.o(.text)
    __aeabi_memcpy8                          0x0800024b   Thumb Code     0  rt_memcpy_w.o(.text)
    __rt_memcpy_w                            0x0800024b   Thumb Code   100  rt_memcpy_w.o(.text)
    _memcpy_lastbytes_aligned                0x08000293   Thumb Code     0  rt_memcpy_w.o(.text)
    __use_two_region_memory                  0x080002af   Thumb Code     2  heapauxi.o(.text)
    __rt_heap_escrow$2region                 0x080002b1   Thumb Code     2  heapauxi.o(.text)
    __rt_heap_expand$2region                 0x080002b3   Thumb Code     2  heapauxi.o(.text)
    __user_setup_stackheap                   0x080002b5   Thumb Code    74  sys_stackheap_outer.o(.text)
    exit                                     0x080002ff   Thumb Code    18  exit.o(.text)
    __user_libspace                          0x08000311   Thumb Code     8  libspace.o(.text)
    __user_perproc_libspace                  0x08000311   Thumb Code     0  libspace.o(.text)
    __user_perthread_libspace                0x08000311   Thumb Code     0  libspace.o(.text)
    _sys_exit                                0x08000319   Thumb Code     8  sys_exit.o(.text)
    __I$use$semihosting                      0x08000325   Thumb Code     0  use_no_semi.o(.text)
    __use_no_semihosting_swi                 0x08000325   Thumb Code     2  use_no_semi.o(.text)
    __semihosting_library_function           0x08000327   Thumb Code     0  indicate_semi.o(.text)
    Ball_Move                                0x08000329   Thumb Code   288  main.o(i.Ball_Move)
    BusFault_Handler                         0x08000475   Thumb Code     4  stm32f10x_it.o(i.BusFault_Handler)
    DebugMon_Handler                         0x08000479   Thumb Code     2  stm32f10x_it.o(i.DebugMon_Handler)
    Delay                                    0x0800047b   Thumb Code    12  eie3810_others.o(i.Delay)
    EIE3810_Buzzer_Init                      0x08000489   Thumb Code    52  eie3810_buzzer.o(i.EIE3810_Buzzer_Init)
    EIE3810_FourKeys_EXTIInit                0x080004c5   Thumb Code    20  eie3810_key.o(i.EIE3810_FourKeys_EXTIInit)
    EIE3810_JOYPAD_Delay                     0x080004d9   Thumb Code    14  eie3810_joypad.o(i.EIE3810_JOYPAD_Delay)
    EIE3810_JOYPAD_GetIndex                  0x080004e7   Thumb Code    44  eie3810_joypad.o(i.EIE3810_JOYPAD_GetIndex)
    EIE3810_JOYPAD_Init                      0x08000515   Thumb Code   100  eie3810_joypad.o(i.EIE3810_JOYPAD_Init)
    EIE3810_JOYPAD_Read                      0x08000585   Thumb Code   120  eie3810_joypad.o(i.EIE3810_JOYPAD_Read)
    EIE3810_Key0_EXTIInit                    0x08000605   Thumb Code   136  eie3810_key.o(i.EIE3810_Key0_EXTIInit)
    EIE3810_Key1_EXTIInit                    0x080006a5   Thumb Code   136  eie3810_key.o(i.EIE3810_Key1_EXTIInit)
    EIE3810_Key2_EXTIInit                    0x08000745   Thumb Code   136  eie3810_key.o(i.EIE3810_Key2_EXTIInit)
    EIE3810_KeyUp_EXTIInit                   0x080007e5   Thumb Code   126  eie3810_key.o(i.EIE3810_KeyUp_EXTIInit)
    EIE3810_NVIC_SetPriorityGroup            0x0800087d   Thumb Code    30  eie3810_others.o(i.EIE3810_NVIC_SetPriorityGroup)
    EIE3810_Read_Key0_IDR                    0x080008a5   Thumb Code    10  eie3810_key.o(i.EIE3810_Read_Key0_IDR)
    EIE3810_Read_Key2_IDR                    0x080008b5   Thumb Code    10  eie3810_key.o(i.EIE3810_Read_Key2_IDR)
    EIE3810_TFTLCD_Clear                     0x080008c5   Thumb Code   160  eie3810_tftlcd.o(i.EIE3810_TFTLCD_Clear)
    EIE3810_TFTLCD_DrawCircle                0x08000965   Thumb Code   350  eie3810_tftlcd.o(i.EIE3810_TFTLCD_DrawCircle)
    EIE3810_TFTLCD_DrawDot                   0x08000ac3   Thumb Code    78  eie3810_tftlcd.o(i.EIE3810_TFTLCD_DrawDot)
    EIE3810_TFTLCD_DrawRectangle             0x08000b11   Thumb Code   172  eie3810_tftlcd.o(i.EIE3810_TFTLCD_DrawRectangle)
    EIE3810_TFTLCD_Init                      0x08000bbd   Thumb Code   350  eie3810_tftlcd.o(i.EIE3810_TFTLCD_Init)
    EIE3810_TFTLCD_SetParameter              0x08000d41   Thumb Code  3786  eie3810_tftlcd.o(i.EIE3810_TFTLCD_SetParameter)
    EIE3810_TFTLCD_SevenSegment              0x08001c11   Thumb Code   204  eie3810_tftlcd.o(i.EIE3810_TFTLCD_SevenSegment)
    EIE3810_TFTLCD_ShowChar1206              0x08001ce1   Thumb Code   284  eie3810_tftlcd.o(i.EIE3810_TFTLCD_ShowChar1206)
    EIE3810_TFTLCD_ShowChar1608              0x08001e01   Thumb Code   178  eie3810_tftlcd.o(i.EIE3810_TFTLCD_ShowChar1608)
    EIE3810_TFTLCD_ShowChar2412              0x08001eb9   Thumb Code   284  eie3810_tftlcd.o(i.EIE3810_TFTLCD_ShowChar2412)
    EIE3810_TFTLCD_ShowString                0x08001fd9   Thumb Code   114  eie3810_tftlcd.o(i.EIE3810_TFTLCD_ShowString)
    EIE3810_TFTLCD_WrCmd                     0x08002059   Thumb Code     8  eie3810_tftlcd.o(i.EIE3810_TFTLCD_WrCmd)
    EIE3810_TFTLCD_WrCmdData                 0x08002061   Thumb Code    12  eie3810_tftlcd.o(i.EIE3810_TFTLCD_WrCmdData)
    EIE3810_TFTLCD_WrData                    0x08002071   Thumb Code     6  eie3810_tftlcd.o(i.EIE3810_TFTLCD_WrData)
    EIE3810_TIM3_Init                        0x0800207d   Thumb Code    76  eie3810_timer.o(i.EIE3810_TIM3_Init)
    EIE3810_TIM4_Init                        0x080020d9   Thumb Code    76  eie3810_timer.o(i.EIE3810_TIM4_Init)
    EIE3810_Toggle_Buzzer                    0x08002135   Thumb Code    46  eie3810_buzzer.o(i.EIE3810_Toggle_Buzzer)
    EIE3810_USART1_EXTIInit                  0x08002169   Thumb Code    24  eie3810_usart.o(i.EIE3810_USART1_EXTIInit)
    EIE3810_USART1_init                      0x08002189   Thumb Code   174  eie3810_usart.o(i.EIE3810_USART1_init)
    EIE3810_clock_tree_init                  0x08002249   Thumb Code   178  eie3810_clock.o(i.EIE3810_clock_tree_init)
    EXTI0_IRQHandler                         0x08002305   Thumb Code   148  main.o(i.EXTI0_IRQHandler)
    EXTI2_IRQHandler                         0x080023c5   Thumb Code     8  main.o(i.EXTI2_IRQHandler)
    EXTI3_IRQHandler                         0x080023d1   Thumb Code   174  main.o(i.EXTI3_IRQHandler)
    EXTI4_IRQHandler                         0x080024ad   Thumb Code    52  main.o(i.EXTI4_IRQHandler)
    HardFault_Handler                        0x080024ed   Thumb Code     4  stm32f10x_it.o(i.HardFault_Handler)
    MemManage_Handler                        0x080024f1   Thumb Code     4  stm32f10x_it.o(i.MemManage_Handler)
    NMI_Handler                              0x080024f5   Thumb Code     2  stm32f10x_it.o(i.NMI_Handler)
    PLAYING_update                           0x080024f9   Thumb Code   280  main.o(i.PLAYING_update)
    PendSV_Handler                           0x0800262d   Thumb Code     2  stm32f10x_it.o(i.PendSV_Handler)
    SVC_Handler                              0x0800262f   Thumb Code     2  stm32f10x_it.o(i.SVC_Handler)
    SysTick_Handler                          0x08002719   Thumb Code     2  stm32f10x_it.o(i.SysTick_Handler)
    SystemInit                               0x0800271d   Thumb Code    78  system_stm32f10x.o(i.SystemInit)
    TIM3_IRQHandler                          0x0800277d   Thumb Code   114  main.o(i.TIM3_IRQHandler)
    TIM4_IRQHandler                          0x08002821   Thumb Code   604  main.o(i.TIM4_IRQHandler)
    USART1_IRQHandler                        0x08002ab9   Thumb Code    98  main.o(i.USART1_IRQHandler)
    UsageFault_Handler                       0x08002b4d   Thumb Code     4  stm32f10x_it.o(i.UsageFault_Handler)
    draw_bounces                             0x08002b51   Thumb Code   100  main.o(i.draw_bounces)
    draw_e_time                              0x08002bc5   Thumb Code   226  main.o(i.draw_e_time)
    game_state_BALL_SIZE_init                0x08002cc5   Thumb Code   110  main.o(i.game_state_BALL_SIZE_init)
    game_state_COUNT_DOWN                    0x08002d81   Thumb Code    72  main.o(i.game_state_COUNT_DOWN)
    game_state_DIFF_LEVEL_init               0x08002dd1   Thumb Code   110  main.o(i.game_state_DIFF_LEVEL_init)
    game_state_GAME_OVER_init                0x08002e95   Thumb Code    80  main.o(i.game_state_GAME_OVER_init)
    game_state_INTRO_init                    0x08002f19   Thumb Code   142  main.o(i.game_state_INTRO_init)
    game_state_PLAYING_init                  0x08003009   Thumb Code    58  main.o(i.game_state_PLAYING_init)
    game_state_USART_init                    0x08003065   Thumb Code    38  main.o(i.game_state_USART_init)
    main                                     0x080030b1   Thumb Code   204  main.o(i.main)
    __aeabi_dadd                             0x0800318d   Thumb Code     0  daddsub_clz.o(x$fpl$dadd)
    _dadd                                    0x0800318d   Thumb Code   332  daddsub_clz.o(x$fpl$dadd)
    __aeabi_d2uiz                            0x080032dd   Thumb Code     0  dfixu.o(x$fpl$dfixu)
    _dfixu                                   0x080032dd   Thumb Code    90  dfixu.o(x$fpl$dfixu)
    __aeabi_ui2d                             0x08003337   Thumb Code     0  dflt_clz.o(x$fpl$dfltu)
    _dfltu                                   0x08003337   Thumb Code    38  dflt_clz.o(x$fpl$dfltu)
    __fpl_dnaninf                            0x0800335d   Thumb Code   156  dnaninf.o(x$fpl$dnaninf)
    __fpl_dretinf                            0x080033f9   Thumb Code    12  dretinf.o(x$fpl$dretinf)
    __aeabi_dsub                             0x08003405   Thumb Code     0  daddsub_clz.o(x$fpl$dsub)
    _dsub                                    0x08003405   Thumb Code   464  daddsub_clz.o(x$fpl$dsub)
    __aeabi_fadd                             0x080035d9   Thumb Code     0  faddsub_clz.o(x$fpl$fadd)
    _fadd                                    0x080035d9   Thumb Code   196  faddsub_clz.o(x$fpl$fadd)
    __aeabi_fdiv                             0x0800369d   Thumb Code     0  fdiv.o(x$fpl$fdiv)
    _fdiv                                    0x0800369d   Thumb Code   384  fdiv.o(x$fpl$fdiv)
    __aeabi_f2uiz                            0x08003821   Thumb Code     0  ffixu.o(x$fpl$ffixu)
    _ffixu                                   0x08003821   Thumb Code    62  ffixu.o(x$fpl$ffixu)
    __aeabi_ui2f                             0x08003861   Thumb Code     0  fflt_clz.o(x$fpl$ffltu)
    _ffltu                                   0x08003861   Thumb Code    38  fflt_clz.o(x$fpl$ffltu)
    __aeabi_fmul                             0x08003889   Thumb Code     0  fmul.o(x$fpl$fmul)
    _fmul                                    0x08003889   Thumb Code   258  fmul.o(x$fpl$fmul)
    __fpl_fnaninf                            0x0800398b   Thumb Code   140  fnaninf.o(x$fpl$fnaninf)
    __fpl_fretinf                            0x08003a17   Thumb Code    10  fretinf.o(x$fpl$fretinf)
    __aeabi_frsub                            0x08003a21   Thumb Code     0  faddsub_clz.o(x$fpl$frsb)
    _frsb                                    0x08003a21   Thumb Code    20  faddsub_clz.o(x$fpl$frsb)
    __aeabi_fsub                             0x08003a35   Thumb Code     0  faddsub_clz.o(x$fpl$fsub)
    _fsub                                    0x08003a35   Thumb Code   234  faddsub_clz.o(x$fpl$fsub)
    __I$use$fp                               0x08003b1e   Number         0  usenofp.o(x$fpl$usenofp)
    asc2_1206                                0x08003b20   Data        1140  eie3810_tftlcd.o(.constdata)
    asc2_1608                                0x08003f94   Data        1520  eie3810_tftlcd.o(.constdata)
    asc2_2412                                0x08004584   Data        3420  eie3810_tftlcd.o(.constdata)
    Region$$Table$$Base                      0x080053a4   Number         0  anon$$obj.o(Region$$Table)
    Region$$Table$$Limit                     0x080053c4   Number         0  anon$$obj.o(Region$$Table)
    g_game_state                             0x20000000   Data           1  main.o(.data)
    g_game_mode                              0x20000001   Data           1  main.o(.data)
    g_game_ball                              0x20000002   Data           1  main.o(.data)
    g_game_turn                              0x20000003   Data           1  main.o(.data)
    g_TIM3_local_beat                        0x20000004   Data           4  main.o(.data)
    g_e_time                                 0x20000008   Data           4  main.o(.data)
    g_bounces                                0x2000000c   Data           4  main.o(.data)
    g_ball_dir                               0x20000010   Data           4  main.o(.data)
    dirs                                     0x20000014   Data          64  main.o(.data)
    g_Player_A_X                             0x20000054   Data           2  main.o(.data)
    g_Player_B_X                             0x20000056   Data           2  main.o(.data)
    g_ball_X                                 0x20000058   Data           2  main.o(.data)
    g_ball_Y                                 0x2000005a   Data           2  main.o(.data)
    g_Player_A_X_pre                         0x2000005c   Data           2  main.o(.data)
    g_Player_B_X_pre                         0x2000005e   Data           2  main.o(.data)
    g_ball_X_pre                             0x20000060   Data           2  main.o(.data)
    g_ball_Y_pre                             0x20000062   Data           2  main.o(.data)
    g_Player_A_speed                         0x20000064   Data           4  main.o(.data)
    g_Player_B_speed                         0x20000068   Data           4  main.o(.data)
    g_ball_speed                             0x2000006c   Data           4  main.o(.data)
    __libspace_start                         0x20000070   Data          96  libspace.o(.bss)
    __temporary_stack_top$libspace           0x200000d0   Data           0  libspace.o(.bss)



==============================================================================

Memory Map of the image

  Image Entry point : 0x08000131

  Load Region LR_IROM1 (Base: 0x08000000, Size: 0x00005434, Max: 0x00080000, ABSOLUTE)

    Execution Region ER_IROM1 (Exec base: 0x08000000, Load base: 0x08000000, Size: 0x000053c4, Max: 0x00080000, ABSOLUTE)

    Exec Addr    Load Addr    Size         Type   Attr      Idx    E Section Name        Object

    0x08000000   0x08000000   0x00000130   Data   RO          469    RESET               startup_stm32f10x_hd.o
    0x08000130   0x08000130   0x00000008   Code   RO         1123  * !!!main             c_w.l(__main.o)
    0x08000138   0x08000138   0x00000034   Code   RO         1327    !!!scatter          c_w.l(__scatter.o)
    0x0800016c   0x0800016c   0x0000001a   Code   RO         1329    !!handler_copy      c_w.l(__scatter_copy.o)
    0x08000186   0x08000186   0x00000002   PAD
    0x08000188   0x08000188   0x0000001c   Code   RO         1331    !!handler_zi        c_w.l(__scatter_zi.o)
    0x080001a4   0x080001a4   0x00000002   Code   RO         1197    .ARM.Collect$$libinit$$00000000  c_w.l(libinit.o)
    0x080001a6   0x080001a6   0x00000000   Code   RO         1204    .ARM.Collect$$libinit$$00000002  c_w.l(libinit2.o)
    0x080001a6   0x080001a6   0x00000000   Code   RO         1206    .ARM.Collect$$libinit$$00000004  c_w.l(libinit2.o)
    0x080001a6   0x080001a6   0x00000000   Code   RO         1209    .ARM.Collect$$libinit$$0000000A  c_w.l(libinit2.o)
    0x080001a6   0x080001a6   0x00000000   Code   RO         1211    .ARM.Collect$$libinit$$0000000C  c_w.l(libinit2.o)
    0x080001a6   0x080001a6   0x00000000   Code   RO         1213    .ARM.Collect$$libinit$$0000000E  c_w.l(libinit2.o)
    0x080001a6   0x080001a6   0x00000000   Code   RO         1216    .ARM.Collect$$libinit$$00000011  c_w.l(libinit2.o)
    0x080001a6   0x080001a6   0x00000000   Code   RO         1218    .ARM.Collect$$libinit$$00000013  c_w.l(libinit2.o)
    0x080001a6   0x080001a6   0x00000000   Code   RO         1220    .ARM.Collect$$libinit$$00000015  c_w.l(libinit2.o)
    0x080001a6   0x080001a6   0x00000000   Code   RO         1222    .ARM.Collect$$libinit$$00000017  c_w.l(libinit2.o)
    0x080001a6   0x080001a6   0x00000000   Code   RO         1224    .ARM.Collect$$libinit$$00000019  c_w.l(libinit2.o)
    0x080001a6   0x080001a6   0x00000000   Code   RO         1226    .ARM.Collect$$libinit$$0000001B  c_w.l(libinit2.o)
    0x080001a6   0x080001a6   0x00000000   Code   RO         1228    .ARM.Collect$$libinit$$0000001D  c_w.l(libinit2.o)
    0x080001a6   0x080001a6   0x00000000   Code   RO         1230    .ARM.Collect$$libinit$$0000001F  c_w.l(libinit2.o)
    0x080001a6   0x080001a6   0x00000000   Code   RO         1232    .ARM.Collect$$libinit$$00000021  c_w.l(libinit2.o)
    0x080001a6   0x080001a6   0x00000000   Code   RO         1234    .ARM.Collect$$libinit$$00000023  c_w.l(libinit2.o)
    0x080001a6   0x080001a6   0x00000000   Code   RO         1236    .ARM.Collect$$libinit$$00000025  c_w.l(libinit2.o)
    0x080001a6   0x080001a6   0x00000000   Code   RO         1240    .ARM.Collect$$libinit$$0000002C  c_w.l(libinit2.o)
    0x080001a6   0x080001a6   0x00000000   Code   RO         1242    .ARM.Collect$$libinit$$0000002E  c_w.l(libinit2.o)
    0x080001a6   0x080001a6   0x00000000   Code   RO         1244    .ARM.Collect$$libinit$$00000030  c_w.l(libinit2.o)
    0x080001a6   0x080001a6   0x00000000   Code   RO         1246    .ARM.Collect$$libinit$$00000032  c_w.l(libinit2.o)
    0x080001a6   0x080001a6   0x00000002   Code   RO         1247    .ARM.Collect$$libinit$$00000033  c_w.l(libinit2.o)
    0x080001a8   0x080001a8   0x00000002   Code   RO         1267    .ARM.Collect$$libshutdown$$00000000  c_w.l(libshutdown.o)
    0x080001aa   0x080001aa   0x00000000   Code   RO         1280    .ARM.Collect$$libshutdown$$00000002  c_w.l(libshutdown2.o)
    0x080001aa   0x080001aa   0x00000000   Code   RO         1282    .ARM.Collect$$libshutdown$$00000004  c_w.l(libshutdown2.o)
    0x080001aa   0x080001aa   0x00000000   Code   RO         1285    .ARM.Collect$$libshutdown$$00000007  c_w.l(libshutdown2.o)
    0x080001aa   0x080001aa   0x00000000   Code   RO         1288    .ARM.Collect$$libshutdown$$0000000A  c_w.l(libshutdown2.o)
    0x080001aa   0x080001aa   0x00000000   Code   RO         1290    .ARM.Collect$$libshutdown$$0000000C  c_w.l(libshutdown2.o)
    0x080001aa   0x080001aa   0x00000000   Code   RO         1293    .ARM.Collect$$libshutdown$$0000000F  c_w.l(libshutdown2.o)
    0x080001aa   0x080001aa   0x00000002   Code   RO         1294    .ARM.Collect$$libshutdown$$00000010  c_w.l(libshutdown2.o)
    0x080001ac   0x080001ac   0x00000000   Code   RO         1163    .ARM.Collect$$rtentry$$00000000  c_w.l(__rtentry.o)
    0x080001ac   0x080001ac   0x00000000   Code   RO         1174    .ARM.Collect$$rtentry$$00000002  c_w.l(__rtentry2.o)
    0x080001ac   0x080001ac   0x00000006   Code   RO         1186    .ARM.Collect$$rtentry$$00000004  c_w.l(__rtentry4.o)
    0x080001b2   0x080001b2   0x00000000   Code   RO         1176    .ARM.Collect$$rtentry$$00000009  c_w.l(__rtentry2.o)
    0x080001b2   0x080001b2   0x00000004   Code   RO         1177    .ARM.Collect$$rtentry$$0000000A  c_w.l(__rtentry2.o)
    0x080001b6   0x080001b6   0x00000000   Code   RO         1179    .ARM.Collect$$rtentry$$0000000C  c_w.l(__rtentry2.o)
    0x080001b6   0x080001b6   0x00000008   Code   RO         1180    .ARM.Collect$$rtentry$$0000000D  c_w.l(__rtentry2.o)
    0x080001be   0x080001be   0x00000002   Code   RO         1201    .ARM.Collect$$rtexit$$00000000  c_w.l(rtexit.o)
    0x080001c0   0x080001c0   0x00000000   Code   RO         1249    .ARM.Collect$$rtexit$$00000002  c_w.l(rtexit2.o)
    0x080001c0   0x080001c0   0x00000004   Code   RO         1250    .ARM.Collect$$rtexit$$00000003  c_w.l(rtexit2.o)
    0x080001c4   0x080001c4   0x00000006   Code   RO         1251    .ARM.Collect$$rtexit$$00000004  c_w.l(rtexit2.o)
    0x080001ca   0x080001ca   0x00000002   PAD
    0x080001cc   0x080001cc   0x00000040   Code   RO          470    .text               startup_stm32f10x_hd.o
    0x0800020c   0x0800020c   0x0000003e   Code   RO         1117    .text               c_w.l(strlen.o)
    0x0800024a   0x0800024a   0x00000064   Code   RO         1119    .text               c_w.l(rt_memcpy_w.o)
    0x080002ae   0x080002ae   0x00000006   Code   RO         1121    .text               c_w.l(heapauxi.o)
    0x080002b4   0x080002b4   0x0000004a   Code   RO         1188    .text               c_w.l(sys_stackheap_outer.o)
    0x080002fe   0x080002fe   0x00000012   Code   RO         1190    .text               c_w.l(exit.o)
    0x08000310   0x08000310   0x00000008   Code   RO         1198    .text               c_w.l(libspace.o)
    0x08000318   0x08000318   0x0000000c   Code   RO         1259    .text               c_w.l(sys_exit.o)
    0x08000324   0x08000324   0x00000002   Code   RO         1270    .text               c_w.l(use_no_semi.o)
    0x08000326   0x08000326   0x00000000   Code   RO         1272    .text               c_w.l(indicate_semi.o)
    0x08000326   0x08000326   0x00000002   PAD
    0x08000328   0x08000328   0x0000014c   Code   RO          902    i.Ball_Move         main.o
    0x08000474   0x08000474   0x00000004   Code   RO         1052    i.BusFault_Handler  stm32f10x_it.o
    0x08000478   0x08000478   0x00000002   Code   RO         1053    i.DebugMon_Handler  stm32f10x_it.o
    0x0800047a   0x0800047a   0x0000000c   Code   RO          881    i.Delay             eie3810_others.o
    0x08000486   0x08000486   0x00000002   PAD
    0x08000488   0x08000488   0x0000003c   Code   RO          806    i.EIE3810_Buzzer_Init  eie3810_buzzer.o
    0x080004c4   0x080004c4   0x00000014   Code   RO          572    i.EIE3810_FourKeys_EXTIInit  eie3810_key.o
    0x080004d8   0x080004d8   0x0000000e   Code   RO          827    i.EIE3810_JOYPAD_Delay  eie3810_joypad.o
    0x080004e6   0x080004e6   0x0000002c   Code   RO          828    i.EIE3810_JOYPAD_GetIndex  eie3810_joypad.o
    0x08000512   0x08000512   0x00000002   PAD
    0x08000514   0x08000514   0x00000070   Code   RO          829    i.EIE3810_JOYPAD_Init  eie3810_joypad.o
    0x08000584   0x08000584   0x00000080   Code   RO          830    i.EIE3810_JOYPAD_Read  eie3810_joypad.o
    0x08000604   0x08000604   0x000000a0   Code   RO          573    i.EIE3810_Key0_EXTIInit  eie3810_key.o
    0x080006a4   0x080006a4   0x000000a0   Code   RO          574    i.EIE3810_Key1_EXTIInit  eie3810_key.o
    0x08000744   0x08000744   0x000000a0   Code   RO          575    i.EIE3810_Key2_EXTIInit  eie3810_key.o
    0x080007e4   0x080007e4   0x00000098   Code   RO          576    i.EIE3810_KeyUp_EXTIInit  eie3810_key.o
    0x0800087c   0x0800087c   0x00000028   Code   RO          882    i.EIE3810_NVIC_SetPriorityGroup  eie3810_others.o
    0x080008a4   0x080008a4   0x00000010   Code   RO          578    i.EIE3810_Read_Key0_IDR  eie3810_key.o
    0x080008b4   0x080008b4   0x00000010   Code   RO          580    i.EIE3810_Read_Key2_IDR  eie3810_key.o
    0x080008c4   0x080008c4   0x000000a0   Code   RO          674    i.EIE3810_TFTLCD_Clear  eie3810_tftlcd.o
    0x08000964   0x08000964   0x0000015e   Code   RO          675    i.EIE3810_TFTLCD_DrawCircle  eie3810_tftlcd.o
    0x08000ac2   0x08000ac2   0x0000004e   Code   RO          676    i.EIE3810_TFTLCD_DrawDot  eie3810_tftlcd.o
    0x08000b10   0x08000b10   0x000000ac   Code   RO          677    i.EIE3810_TFTLCD_DrawRectangle  eie3810_tftlcd.o
    0x08000bbc   0x08000bbc   0x00000184   Code   RO          678    i.EIE3810_TFTLCD_Init  eie3810_tftlcd.o
    0x08000d40   0x08000d40   0x00000ed0   Code   RO          679    i.EIE3810_TFTLCD_SetParameter  eie3810_tftlcd.o
    0x08001c10   0x08001c10   0x000000d0   Code   RO          680    i.EIE3810_TFTLCD_SevenSegment  eie3810_tftlcd.o
    0x08001ce0   0x08001ce0   0x00000120   Code   RO          681    i.EIE3810_TFTLCD_ShowChar1206  eie3810_tftlcd.o
    0x08001e00   0x08001e00   0x000000b8   Code   RO          682    i.EIE3810_TFTLCD_ShowChar1608  eie3810_tftlcd.o
    0x08001eb8   0x08001eb8   0x00000120   Code   RO          683    i.EIE3810_TFTLCD_ShowChar2412  eie3810_tftlcd.o
    0x08001fd8   0x08001fd8   0x00000080   Code   RO          684    i.EIE3810_TFTLCD_ShowString  eie3810_tftlcd.o
    0x08002058   0x08002058   0x00000008   Code   RO          685    i.EIE3810_TFTLCD_WrCmd  eie3810_tftlcd.o
    0x08002060   0x08002060   0x00000010   Code   RO          686    i.EIE3810_TFTLCD_WrCmdData  eie3810_tftlcd.o
    0x08002070   0x08002070   0x0000000c   Code   RO          687    i.EIE3810_TFTLCD_WrData  eie3810_tftlcd.o
    0x0800207c   0x0800207c   0x0000005c   Code   RO          860    i.EIE3810_TIM3_Init  eie3810_timer.o
    0x080020d8   0x080020d8   0x0000005c   Code   RO          861    i.EIE3810_TIM4_Init  eie3810_timer.o
    0x08002134   0x08002134   0x00000034   Code   RO          807    i.EIE3810_Toggle_Buzzer  eie3810_buzzer.o
    0x08002168   0x08002168   0x00000020   Code   RO          773    i.EIE3810_USART1_EXTIInit  eie3810_usart.o
    0x08002188   0x08002188   0x000000c0   Code   RO          774    i.EIE3810_USART1_init  eie3810_usart.o
    0x08002248   0x08002248   0x000000bc   Code   RO          474    i.EIE3810_clock_tree_init  eie3810_clock.o
    0x08002304   0x08002304   0x000000c0   Code   RO          903    i.EXTI0_IRQHandler  main.o
    0x080023c4   0x080023c4   0x0000000c   Code   RO          904    i.EXTI2_IRQHandler  main.o
    0x080023d0   0x080023d0   0x000000dc   Code   RO          905    i.EXTI3_IRQHandler  main.o
    0x080024ac   0x080024ac   0x00000040   Code   RO          906    i.EXTI4_IRQHandler  main.o
    0x080024ec   0x080024ec   0x00000004   Code   RO         1054    i.HardFault_Handler  stm32f10x_it.o
    0x080024f0   0x080024f0   0x00000004   Code   RO         1055    i.MemManage_Handler  stm32f10x_it.o
    0x080024f4   0x080024f4   0x00000002   Code   RO         1056    i.NMI_Handler       stm32f10x_it.o
    0x080024f6   0x080024f6   0x00000002   PAD
    0x080024f8   0x080024f8   0x00000134   Code   RO          907    i.PLAYING_update    main.o
    0x0800262c   0x0800262c   0x00000002   Code   RO         1057    i.PendSV_Handler    stm32f10x_it.o
    0x0800262e   0x0800262e   0x00000002   Code   RO         1058    i.SVC_Handler       stm32f10x_it.o
    0x08002630   0x08002630   0x00000008   Code   RO          414    i.SetSysClock       system_stm32f10x.o
    0x08002638   0x08002638   0x000000e0   Code   RO          415    i.SetSysClockTo72   system_stm32f10x.o
    0x08002718   0x08002718   0x00000002   Code   RO         1059    i.SysTick_Handler   stm32f10x_it.o
    0x0800271a   0x0800271a   0x00000002   PAD
    0x0800271c   0x0800271c   0x00000060   Code   RO          417    i.SystemInit        system_stm32f10x.o
    0x0800277c   0x0800277c   0x000000a4   Code   RO          908    i.TIM3_IRQHandler   main.o
    0x08002820   0x08002820   0x00000298   Code   RO          909    i.TIM4_IRQHandler   main.o
    0x08002ab8   0x08002ab8   0x00000094   Code   RO          910    i.USART1_IRQHandler  main.o
    0x08002b4c   0x08002b4c   0x00000004   Code   RO         1060    i.UsageFault_Handler  stm32f10x_it.o
    0x08002b50   0x08002b50   0x00000074   Code   RO          911    i.draw_bounces      main.o
    0x08002bc4   0x08002bc4   0x00000100   Code   RO          912    i.draw_e_time       main.o
    0x08002cc4   0x08002cc4   0x000000bc   Code   RO          913    i.game_state_BALL_SIZE_init  main.o
    0x08002d80   0x08002d80   0x00000050   Code   RO          914    i.game_state_COUNT_DOWN  main.o
    0x08002dd0   0x08002dd0   0x000000c4   Code   RO          915    i.game_state_DIFF_LEVEL_init  main.o
    0x08002e94   0x08002e94   0x00000084   Code   RO          916    i.game_state_GAME_OVER_init  main.o
    0x08002f18   0x08002f18   0x000000f0   Code   RO          917    i.game_state_INTRO_init  main.o
    0x08003008   0x08003008   0x0000005c   Code   RO          918    i.game_state_PLAYING_init  main.o
    0x08003064   0x08003064   0x0000004c   Code   RO          919    i.game_state_USART_init  main.o
    0x080030b0   0x080030b0   0x000000dc   Code   RO          920    i.main              main.o
    0x0800318c   0x0800318c   0x00000150   Code   RO         1125    x$fpl$dadd          fz_ws.l(daddsub_clz.o)
    0x080032dc   0x080032dc   0x0000005a   Code   RO         1131    x$fpl$dfixu         fz_ws.l(dfixu.o)
    0x08003336   0x08003336   0x00000026   Code   RO         1135    x$fpl$dfltu         fz_ws.l(dflt_clz.o)
    0x0800335c   0x0800335c   0x0000009c   Code   RO         1164    x$fpl$dnaninf       fz_ws.l(dnaninf.o)
    0x080033f8   0x080033f8   0x0000000c   Code   RO         1166    x$fpl$dretinf       fz_ws.l(dretinf.o)
    0x08003404   0x08003404   0x000001d4   Code   RO         1127    x$fpl$dsub          fz_ws.l(daddsub_clz.o)
    0x080035d8   0x080035d8   0x000000c4   Code   RO         1141    x$fpl$fadd          fz_ws.l(faddsub_clz.o)
    0x0800369c   0x0800369c   0x00000184   Code   RO         1148    x$fpl$fdiv          fz_ws.l(fdiv.o)
    0x08003820   0x08003820   0x0000003e   Code   RO         1151    x$fpl$ffixu         fz_ws.l(ffixu.o)
    0x0800385e   0x0800385e   0x00000002   PAD
    0x08003860   0x08003860   0x00000026   Code   RO         1155    x$fpl$ffltu         fz_ws.l(fflt_clz.o)
    0x08003886   0x08003886   0x00000002   PAD
    0x08003888   0x08003888   0x00000102   Code   RO         1161    x$fpl$fmul          fz_ws.l(fmul.o)
    0x0800398a   0x0800398a   0x0000008c   Code   RO         1168    x$fpl$fnaninf       fz_ws.l(fnaninf.o)
    0x08003a16   0x08003a16   0x0000000a   Code   RO         1170    x$fpl$fretinf       fz_ws.l(fretinf.o)
    0x08003a20   0x08003a20   0x00000014   Code   RO         1142    x$fpl$frsb          fz_ws.l(faddsub_clz.o)
    0x08003a34   0x08003a34   0x000000ea   Code   RO         1143    x$fpl$fsub          fz_ws.l(faddsub_clz.o)
    0x08003b1e   0x08003b1e   0x00000000   Code   RO         1172    x$fpl$usenofp       fz_ws.l(usenofp.o)
    0x08003b1e   0x08003b1e   0x00000002   PAD
    0x08003b20   0x08003b20   0x00001884   Data   RO          688    .constdata          eie3810_tftlcd.o
    0x080053a4   0x080053a4   0x00000020   Data   RO         1325    Region$$Table       anon$$obj.o


    Execution Region RW_IRAM1 (Exec base: 0x20000000, Load base: 0x080053c4, Size: 0x000006d0, Max: 0x00010000, ABSOLUTE)

    Exec Addr    Load Addr    Size         Type   Attr      Idx    E Section Name        Object

    0x20000000   0x080053c4   0x00000070   Data   RW          921    .data               main.o
    0x20000070        -       0x00000060   Zero   RW         1199    .bss                c_w.l(libspace.o)
    0x200000d0        -       0x00000200   Zero   RW          468    HEAP                startup_stm32f10x_hd.o
    0x200002d0        -       0x00000400   Zero   RW          467    STACK               startup_stm32f10x_hd.o


==============================================================================

Image component sizes


      Code (inc. data)   RO Data    RW Data    ZI Data      Debug   Object Name

         0          0          0          0          0         32   core_cm3.o
       112         14          0          0          0        866   eie3810_buzzer.o
       188         10          0          0          0     203606   eie3810_clock.o
       298         20          0          0          0       2105   eie3810_joypad.o
       684        110          0          0          0       3189   eie3810_key.o
        52         10          0          0          0        988   eie3810_others.o
      6072         86       6276          0          0      12593   eie3810_tftlcd.o
       184         32          0          0          0       1008   eie3810_timer.o
       224         26          0          0          0       1088   eie3810_usart.o
      3700        794          0        112          0      11955   main.o
        64         26        304          0       1536        768   startup_stm32f10x_hd.o
        26          0          0          0          0       3614   stm32f10x_it.o
         0          0          0          0          0       4508   stm32f10x_rcc.o
       328         28          0          0          0       1721   system_stm32f10x.o

    ----------------------------------------------------------------------
     11940       1156       6612        112       1536     248041   Object Totals
         0          0         32          0          0          0   (incl. Generated)
         8          0          0          0          0          0   (incl. Padding)

    ----------------------------------------------------------------------

      Code (inc. data)   RO Data    RW Data    ZI Data      Debug   Library Member Name

         8          0          0          0          0         68   __main.o
         0          0          0          0          0          0   __rtentry.o
        12          0          0          0          0          0   __rtentry2.o
         6          0          0          0          0          0   __rtentry4.o
        52          8          0          0          0          0   __scatter.o
        26          0          0          0          0          0   __scatter_copy.o
        28          0          0          0          0          0   __scatter_zi.o
        18          0          0          0          0         80   exit.o
         6          0          0          0          0        152   heapauxi.o
         0          0          0          0          0          0   indicate_semi.o
         2          0          0          0          0          0   libinit.o
         2          0          0          0          0          0   libinit2.o
         2          0          0          0          0          0   libshutdown.o
         2          0          0          0          0          0   libshutdown2.o
         8          4          0          0         96         68   libspace.o
       100          0          0          0          0         80   rt_memcpy_w.o
         2          0          0          0          0          0   rtexit.o
        10          0          0          0          0          0   rtexit2.o
        62          0          0          0          0         76   strlen.o
        12          4          0          0          0         68   sys_exit.o
        74          0          0          0          0         80   sys_stackheap_outer.o
         2          0          0          0          0         68   use_no_semi.o
       804         16          0          0          0        272   daddsub_clz.o
        90          4          0          0          0         92   dfixu.o
        38          0          0          0          0         68   dflt_clz.o
       156          4          0          0          0         92   dnaninf.o
        12          0          0          0          0         68   dretinf.o
       450          8          0          0          0        236   faddsub_clz.o
       388         76          0          0          0         96   fdiv.o
        62          4          0          0          0         84   ffixu.o
        38          0          0          0          0         68   fflt_clz.o
       258          4          0          0          0         84   fmul.o
       140          4          0          0          0         84   fnaninf.o
        10          0          0          0          0         68   fretinf.o
         0          0          0          0          0          0   usenofp.o

    ----------------------------------------------------------------------
      2892        136          0          0         96       2052   Library Totals
        12          0          0          0          0          0   (incl. Padding)

    ----------------------------------------------------------------------

      Code (inc. data)   RO Data    RW Data    ZI Data      Debug   Library Name

       434         16          0          0         96        740   c_w.l
      2446        120          0          0          0       1312   fz_ws.l

    ----------------------------------------------------------------------
      2892        136          0          0         96       2052   Library Totals

    ----------------------------------------------------------------------

==============================================================================


      Code (inc. data)   RO Data    RW Data    ZI Data      Debug   

     14832       1292       6612        112       1632     245929   Grand Totals
     14832       1292       6612        112       1632     245929   ELF Image Totals
     14832       1292       6612        112          0          0   ROM Totals

==============================================================================

    Total RO  Size (Code + RO Data)                21444 (  20.94kB)
    Total RW  Size (RW Data + ZI Data)              1744 (   1.70kB)
    Total ROM Size (Code + RO Data + RW Data)      21556 (  21.05kB)

==============================================================================

